 zlibwapi

 Timestamp is 690e1305 (Fri Nov  7 16:40:53 2025)

 Preferred load address is 0000000180000000

 Start         Length     Name                   Class
 0001:00000000 00011b00H .text$mn                CODE
 0001:00011b00 00000036H .text$mn$00             CODE
 0001:00011b36 00000092H .text$x                 CODE
 0002:00000000 000001e0H .idata$5                DATA
 0002:000001e0 00000038H .00cfg                  DATA
 0002:00000218 00000008H .CRT$XCA                DATA
 0002:00000220 00000008H .CRT$XCZ                DATA
 0002:00000228 00000008H .CRT$XIA                DATA
 0002:00000230 00000008H .CRT$XIZ                DATA
 0002:00000238 00000008H .CRT$XPA                DATA
 0002:00000240 00000008H .CRT$XPZ                DATA
 0002:00000248 00000008H .CRT$XTA                DATA
 0002:00000250 00000010H .CRT$XTZ                DATA
 0002:00000258 00000000H .gehcont$y              DATA
 0002:00000258 00000000H .gfids$y                DATA
 0002:00000260 00004d20H .rdata                  DATA
 0002:00004f80 00000000H .rdata$CastGuardVftablesA DATA
 0002:00004f80 00000000H .rdata$CastGuardVftablesC DATA
 0002:00004f80 00000050H .rdata$voltmd           DATA
 0002:00004fd0 000002e0H .rdata$zzzdbg           DATA
 0002:000052b0 00000008H .rtc$IAA                DATA
 0002:000052b8 00000008H .rtc$IZZ                DATA
 0002:000052c0 00000008H .rtc$TAA                DATA
 0002:000052c8 00000008H .rtc$TZZ                DATA
 0002:000052d0 00001340H .xdata                  DATA
 0002:00006610 00000d64H .edata                  DATA
 0002:00007374 000000b4H .idata$2                DATA
 0002:00007428 00000018H .idata$3                DATA
 0002:00007440 000001e0H .idata$4                DATA
 0002:00007620 00000400H .idata$6                DATA
 0003:00000000 000000c0H .data                   DATA
 0003:000000c0 00000090H .bss                    DATA
 0004:00000000 00001134H .pdata                  DATA
 0005:00000000 00000060H .rsrc$01                DATA
 0005:00000060 00000338H .rsrc$02                DATA

  Address         Publics by Value              Rva+Base               Lib:Object

 0000:00000000       __AbsoluteZero             0000000000000000     <absolute>
 0000:00000000       ___safe_se_handler_count   0000000000000000     <absolute>
 0000:00000000       ___safe_se_handler_table   0000000000000000     <absolute>
 0000:00000000       __arm64x_extra_rfe_table   0000000000000000     <absolute>
 0000:00000000       __arm64x_extra_rfe_table_size 0000000000000000     <absolute>
 0000:00000000       __arm64x_native_entrypoint 0000000000000000     <absolute>
 0000:00000000       __arm64x_redirection_metadata 0000000000000000     <absolute>
 0000:00000000       __arm64x_redirection_metadata_count 0000000000000000     <absolute>
 0000:00000000       __dynamic_value_reloc_table 0000000000000000     <absolute>
 0000:00000000       __enclave_config           0000000000000000     <absolute>
 0000:00000000       __guard_check_icall_a64n_fptr 0000000000000000     <absolute>
 0000:00000000       __guard_eh_cont_count      0000000000000000     <absolute>
 0000:00000000       __guard_eh_cont_table      0000000000000000     <absolute>
 0000:00000000       __guard_fids_count         0000000000000000     <absolute>
 0000:00000000       __guard_fids_table         0000000000000000     <absolute>
 0000:00000000       __guard_iat_count          0000000000000000     <absolute>
 0000:00000000       __guard_iat_table          0000000000000000     <absolute>
 0000:00000000       __guard_longjmp_count      0000000000000000     <absolute>
 0000:00000000       __guard_longjmp_table      0000000000000000     <absolute>
 0000:00000000       __hybrid_auxiliary_delayload_iat 0000000000000000     <absolute>
 0000:00000000       __hybrid_auxiliary_delayload_iat_copy 0000000000000000     <absolute>
 0000:00000000       __hybrid_auxiliary_iat     0000000000000000     <absolute>
 0000:00000000       __hybrid_auxiliary_iat_copy 0000000000000000     <absolute>
 0000:00000000       __hybrid_code_map          0000000000000000     <absolute>
 0000:00000000       __hybrid_code_map_count    0000000000000000     <absolute>
 0000:00000000       __hybrid_image_info_bitfield 0000000000000000     <absolute>
 0000:00000000       __x64_code_ranges_to_entry_points 0000000000000000     <absolute>
 0000:00000000       __x64_code_ranges_to_entry_points_count 0000000000000000     <absolute>
 0000:00000100       __guard_flags              0000000000000100     <absolute>
 0000:00000000       __ImageBase                0000000180000000     <linker-defined>
 0001:00000000       adler32_z                  0000000180001000 f   adler32.obj
 0001:000003a0       adler32                    00000001800013a0 f   adler32.obj
 0001:00000490       adler32_combine            0000000180001490 f   adler32.obj
 0001:000004a0       compress2                  00000001800014a0 f   compress.obj
 0001:00000590       compress                   0000000180001590 f   compress.obj
 0001:000005b0       compressBound              00000001800015b0 f   compress.obj
 0001:00000660       get_crc_table              0000000180001660 f   crc32.obj
 0001:000006b0       crc32_z                    00000001800016b0 f   crc32.obj
 0001:00000a40       crc32                      0000000180001a40 f   crc32.obj
 0001:00000a50       crc32_combine64            0000000180001a50 f   crc32.obj
 0001:00000a80       crc32_combine              0000000180001a80 f   crc32.obj
 0001:00000a90       crc32_combine_gen64        0000000180001a90 f   crc32.obj
 0001:00000aa0       crc32_combine_gen          0000000180001aa0 f   crc32.obj
 0001:00000ab0       crc32_combine_op           0000000180001ab0 f   crc32.obj
 0001:00000e20       deflateInit_               0000000180001e20 f   deflate.obj
 0001:00000e60       deflateInit2_              0000000180001e60 f   deflate.obj
 0001:00001160       deflateSetDictionary       0000000180002160 f   deflate.obj
 0001:00001360       deflateGetDictionary       0000000180002360 f   deflate.obj
 0001:000013e0       deflateResetKeep           00000001800023e0 f   deflate.obj
 0001:00001530       deflateReset               0000000180002530 f   deflate.obj
 0001:00001560       deflateSetHeader           0000000180002560 f   deflate.obj
 0001:000015a0       deflatePending             00000001800025a0 f   deflate.obj
 0001:000015f0       deflateUsed                00000001800025f0 f   deflate.obj
 0001:00001630       deflatePrime               0000000180002630 f   deflate.obj
 0001:000016f0       deflateParams              00000001800026f0 f   deflate.obj
 0001:00001870       deflateTune                0000000180002870 f   deflate.obj
 0001:000018c0       deflateBound               00000001800028c0 f   deflate.obj
 0001:00001ad0       deflate                    0000000180002ad0 f   deflate.obj
 0001:00002440       deflateEnd                 0000000180003440 f   deflate.obj
 0001:00002500       deflateCopy                0000000180003500 f   deflate.obj
 0001:00003be0       gzclose                    0000000180004be0 f   gzclose.obj
 0001:00003c00       __local_stdio_printf_options 0000000180004c00 f i gzlib.obj
 0001:00003c10       snprintf                   0000000180004c10 f i gzlib.obj
 0001:00003ff0       gzopen                     0000000180004ff0 f   gzlib.obj
 0001:00004000       gzdopen                    0000000180005000 f   gzlib.obj
 0001:00004090       gzopen_w                   0000000180005090 f   gzlib.obj
 0001:000040a0       gzbuffer                   00000001800050a0 f   gzlib.obj
 0001:000040e0       gzrewind                   00000001800050e0 f   gzlib.obj
 0001:00004140       gzseek64                   0000000180005140 f   gzlib.obj
 0001:00004290       gzseek                     0000000180005290 f   gzlib.obj
 0001:000042a0       gztell64                   00000001800052a0 f   gzlib.obj
 0001:000042e0       gztell                     00000001800052e0 f   gzlib.obj
 0001:000042f0       gzoffset64                 00000001800052f0 f   gzlib.obj
 0001:00004350       gzoffset                   0000000180005350 f   gzlib.obj
 0001:00004360       gzeof                      0000000180005360 f   gzlib.obj
 0001:00004380       gzerror                    0000000180005380 f   gzlib.obj
 0001:000043d0       gzclearerr                 00000001800053d0 f   gzlib.obj
 0001:00004410       gz_error                   0000000180005410 f   gzlib.obj
 0001:00004b90       gzread                     0000000180005b90 f   gzread.obj
 0001:00004c00       gzfread                    0000000180005c00 f   gzread.obj
 0001:00004c80       gzgetc                     0000000180005c80 f   gzread.obj
 0001:00004d00       gzgetc_                    0000000180005d00 f   gzread.obj
 0001:00004d10       gzungetc                   0000000180005d10 f   gzread.obj
 0001:00004e40       gzgets                     0000000180005e40 f   gzread.obj
 0001:00004f70       gzdirect                   0000000180005f70 f   gzread.obj
 0001:00004fb0       gzclose_r                  0000000180005fb0 f   gzread.obj
 0001:00005510       gzwrite                    0000000180006510 f   gzwrite.obj
 0001:00005560       gzfwrite                   0000000180006560 f   gzwrite.obj
 0001:000055e0       gzputc                     00000001800065e0 f   gzwrite.obj
 0001:000056b0       gzputs                     00000001800066b0 f   gzwrite.obj
 0001:00005760       gzvprintf                  0000000180006760 f   gzwrite.obj
 0001:000058f0       gzprintf                   00000001800068f0 f   gzwrite.obj
 0001:00005920       gzflush                    0000000180006920 f   gzwrite.obj
 0001:00005990       gzsetparams                0000000180006990 f   gzwrite.obj
 0001:00005aa0       gzclose_w                  0000000180006aa0 f   gzwrite.obj
 0001:00005b70       inflateBackInit_           0000000180006b70 f   infback.obj
 0001:00005cc0       inflateBack                0000000180006cc0 f   infback.obj
 0001:00006c40       inflateBackEnd             0000000180007c40 f   infback.obj
 0001:00006c90       inflate_fast               0000000180007c90 f   inffast.obj
 0001:00007190       inflateResetKeep           0000000180008190 f   inflate.obj
 0001:00007230       inflateReset               0000000180008230 f   inflate.obj
 0001:00007260       inflateReset2              0000000180008260 f   inflate.obj
 0001:00007310       inflateInit2_              0000000180008310 f   inflate.obj
 0001:00007410       inflateInit_               0000000180008410 f   inflate.obj
 0001:00007420       inflatePrime               0000000180008420 f   inflate.obj
 0001:000075d0       inflate                    00000001800085d0 f   inflate.obj
 0001:00008e20       inflateEnd                 0000000180009e20 f   inflate.obj
 0001:00008e80       inflateGetDictionary       0000000180009e80 f   inflate.obj
 0001:00008f10       inflateSetDictionary       0000000180009f10 f   inflate.obj
 0001:00008fd0       inflateGetHeader           0000000180009fd0 f   inflate.obj
 0001:00009080       inflateSync                000000018000a080 f   inflate.obj
 0001:000091f0       inflateSyncPoint           000000018000a1f0 f   inflate.obj
 0001:00009230       inflateCopy                000000018000a230 f   inflate.obj
 0001:000093e0       inflateUndermine           000000018000a3e0 f   inflate.obj
 0001:00009410       inflateValidate            000000018000a410 f   inflate.obj
 0001:00009450       inflateMark                000000018000a450 f   inflate.obj
 0001:000094c0       inflateCodesUsed           000000018000a4c0 f   inflate.obj
 0001:00009500       inflate_table              000000018000a500 f   inftrees.obj
 0001:00009aa0       call_zopen64               000000018000aaa0 f   ioapi.obj
 0001:00009ac0       call_zseek64               000000018000aac0 f   ioapi.obj
 0001:00009af0       call_ztell64               000000018000aaf0 f   ioapi.obj
 0001:00009b30       fill_zlib_filefunc64_32_def_from_filefunc32 000000018000ab30 f   ioapi.obj
 0001:00009c90       fill_fopen64_filefunc      000000018000ac90 f   ioapi.obj
 0001:00009dc0       win32_open64_file_func     000000018000adc0 f   iowin32.obj
 0001:00009dc0       win32_open64_file_funcA    000000018000adc0 f   iowin32.obj
 0001:00009dc0       win32_open_file_func       000000018000adc0 f   iowin32.obj
 0001:00009e40       win32_open64_file_funcW    000000018000ae40 f   iowin32.obj
 0001:00009ec0       win32_read_file_func       000000018000aec0 f   iowin32.obj
 0001:00009f20       win32_write_file_func      000000018000af20 f   iowin32.obj
 0001:00009fe0       win32_tell_file_func       000000018000afe0 f   iowin32.obj
 0001:0000a040       win32_tell64_file_func     000000018000b040 f   iowin32.obj
 0001:0000a0a0       win32_seek_file_func       000000018000b0a0 f   iowin32.obj
 0001:0000a130       win32_seek64_file_func     000000018000b130 f   iowin32.obj
 0001:0000a1c0       win32_close_file_func      000000018000b1c0 f   iowin32.obj
 0001:0000a200       win32_error_file_func      000000018000b200 f   iowin32.obj
 0001:0000a210       fill_win32_filefunc        000000018000b210 f   iowin32.obj
 0001:0000a270       fill_win32_filefunc64      000000018000b270 f   iowin32.obj
 0001:0000a270       fill_win32_filefunc64A     000000018000b270 f   iowin32.obj
 0001:0000a2d0       fill_win32_filefunc64W     000000018000b2d0 f   iowin32.obj
 0001:0000a740       _tr_init                   000000018000b740 f   trees.obj
 0001:0000b700       _tr_stored_block           000000018000c700 f   trees.obj
 0001:0000b810       _tr_flush_bits             000000018000c810 f   trees.obj
 0001:0000b820       _tr_align                  000000018000c820 f   trees.obj
 0001:0000bdb0       _tr_flush_block            000000018000cdb0 f   trees.obj
 0001:0000bfc0       uncompress2                000000018000cfc0 f   uncompr.obj
 0001:0000c120       uncompress                 000000018000d120 f   uncompr.obj
 0001:0000c480       unzStringFileNameCompare   000000018000d480 f   unzip.obj
 0001:0000cc90       unzOpen2                   000000018000dc90 f   unzip.obj
 0001:0000cce0       unzOpen2_64                000000018000dce0 f   unzip.obj
 0001:0000cd40       unzOpen                    000000018000dd40 f   unzip.obj
 0001:0000cd50       unzOpen64                  000000018000dd50 f   unzip.obj
 0001:0000cd60       unzClose                   000000018000dd60 f   unzip.obj
 0001:0000cdb0       unzGetGlobalInfo64         000000018000ddb0 f   unzip.obj
 0001:0000cdd0       unzGetGlobalInfo           000000018000ddd0 f   unzip.obj
 0001:0000d3b0       unzGetCurrentFileInfo64    000000018000e3b0 f   unzip.obj
 0001:0000d400       unzGetCurrentFileInfo      000000018000e400 f   unzip.obj
 0001:0000d500       unzGoToFirstFile           000000018000e500 f   unzip.obj
 0001:0000d580       unzGoToNextFile            000000018000e580 f   unzip.obj
 0001:0000d650       unzLocateFile              000000018000e650 f   unzip.obj
 0001:0000d860       unzGetFilePos64            000000018000e860 f   unzip.obj
 0001:0000d8a0       unzGetFilePos              000000018000e8a0 f   unzip.obj
 0001:0000d8d0       unzGoToFilePos64           000000018000e8d0 f   unzip.obj
 0001:0000d950       unzGoToFilePos             000000018000e950 f   unzip.obj
 0001:0000dbb0       unzOpenCurrentFile3        000000018000ebb0 f   unzip.obj
 0001:0000df10       unzOpenCurrentFile         000000018000ef10 f   unzip.obj
 0001:0000df30       unzOpenCurrentFilePassword 000000018000ef30 f   unzip.obj
 0001:0000df50       unzOpenCurrentFile2        000000018000ef50 f   unzip.obj
 0001:0000df70       unzGetCurrentFileZStreamPos64 000000018000ef70 f   unzip.obj
 0001:0000df90       unzReadCurrentFile         000000018000ef90 f   unzip.obj
 0001:0000e2c0       unztell                    000000018000f2c0 f   unzip.obj
 0001:0000e2e0       unztell64                  000000018000f2e0 f   unzip.obj
 0001:0000e310       unzeof                     000000018000f310 f   unzip.obj
 0001:0000e340       unzGetLocalExtrafield      000000018000f340 f   unzip.obj
 0001:0000e430       unzCloseCurrentFile        000000018000f430 f   unzip.obj
 0001:0000e4e0       unzGetGlobalComment        000000018000f4e0 f   unzip.obj
 0001:0000e590       set_free                   000000018000f590 f   zip.obj
 0001:0000e590       zcfree                     000000018000f590 f   zutil.obj
 0001:0000e5a0       set_sweep                  000000018000f5a0 f   zip.obj
 0001:0000e600       set_end                    000000018000f600 f   zip.obj
 0001:0000f430       zipOpen3                   0000000180010430 f   zip.obj
 0001:0000f5e0       zipOpen2                   00000001800105e0 f   zip.obj
 0001:0000f630       zipOpen2_64                0000000180010630 f   zip.obj
 0001:0000f690       zipOpen                    0000000180010690 f   zip.obj
 0001:0000f690       zipOpen64                  0000000180010690 f   zip.obj
 0001:0000f900       zipOpenNewFileInZip4_64    0000000180010900 f   zip.obj
 0001:0000ff20       zipOpenNewFileInZip3       0000000180010f20 f   zip.obj
 0001:0000ffd0       zipOpenNewFileInZip3_64    0000000180010fd0 f   zip.obj
 0001:00010090       zipOpenNewFileInZip2       0000000180011090 f   zip.obj
 0001:00010120       zipOpenNewFileInZip2_64    0000000180011120 f   zip.obj
 0001:000101c0       zipOpenNewFileInZip64      00000001800111c0 f   zip.obj
 0001:00010250       zipOpenNewFileInZip        0000000180011250 f   zip.obj
 0001:000103c0       zipWriteInFileInZip        00000001800113c0 f   zip.obj
 0001:00010530       zipCloseFileInZipRaw       0000000180011530 f   zip.obj
 0001:00010540       zipCloseFileInZipRaw64     0000000180011540 f   zip.obj
 0001:000109e0       zipCloseFileInZip          00000001800119e0 f   zip.obj
 0001:00010d80       zipClose                   0000000180011d80 f   zip.obj
 0001:00010f10       zlibVersion                0000000180011f10 f   zutil.obj
 0001:00010f20       zlibCompileFlags           0000000180011f20 f   zutil.obj
 0001:00010f30       zError                     0000000180011f30 f   zutil.obj
 0001:00010f60       zcalloc                    0000000180011f60 f   zutil.obj
 0001:00011284       _DllMainCRTStartup         0000000180012284 f   MSVCRT:dll_dllmain.obj
 0001:000112c4       __security_init_cookie     00000001800122c4 f   MSVCRT:gs_support.obj
 0001:00011374       DllMain                    0000000180012374 f   MSVCRT:dll_dllmain_stub.obj
 0001:00011398       ?__scrt_initialize_type_info@@YAXXZ 0000000180012398 f   MSVCRT:tncleanup.obj
 0001:000113a8       ?__scrt_uninitialize_type_info@@YAXXZ 00000001800123a8 f   MSVCRT:tncleanup.obj
 0001:000113b4       __local_stdio_scanf_options 00000001800123b4 f i MSVCRT:default_local_stdio_options.obj
 0001:000113bc       __scrt_initialize_default_local_stdio_options 00000001800123bc f   MSVCRT:default_local_stdio_options.obj
 0001:000113d8       __scrt_acquire_startup_lock 00000001800123d8 f   MSVCRT:utility.obj
 0001:00011414       __scrt_dllmain_after_initialize_c 0000000180012414 f   MSVCRT:utility.obj
 0001:00011448       __scrt_dllmain_before_initialize_c 0000000180012448 f   MSVCRT:utility.obj
 0001:00011460       __scrt_dllmain_crt_thread_attach 0000000180012460 f   MSVCRT:utility.obj
 0001:00011488       __scrt_dllmain_crt_thread_detach 0000000180012488 f   MSVCRT:utility.obj
 0001:000114a0       __scrt_dllmain_exception_filter 00000001800124a0 f   MSVCRT:utility.obj
 0001:00011500       __scrt_dllmain_uninitialize_c 0000000180012500 f   MSVCRT:utility.obj
 0001:00011530       __scrt_dllmain_uninitialize_critical 0000000180012530 f   MSVCRT:utility.obj
 0001:00011544       __scrt_initialize_crt      0000000180012544 f   MSVCRT:utility.obj
 0001:00011580       __scrt_initialize_onexit_tables 0000000180012580 f   MSVCRT:utility.obj
 0001:0001160c       __scrt_is_nonwritable_in_current_image 000000018001260c f   MSVCRT:utility.obj
 0001:000116a4       __scrt_release_startup_lock 00000001800126a4 f   MSVCRT:utility.obj
 0001:000116c8       __scrt_uninitialize_crt    00000001800126c8 f   MSVCRT:utility.obj
 0001:000116f4       __scrt_get_dyn_tls_init_callback 00000001800126f4 f   MSVCRT:dyn_tls_init.obj
 0001:000116fc       __scrt_fastfail            00000001800126fc f   MSVCRT:utility_desktop.obj
 0001:00011704       _RTC_Initialize            0000000180012704 f   MSVCRT:initsect.obj
 0001:00011740       _RTC_Terminate             0000000180012740 f   MSVCRT:initsect.obj
 0001:0001177c       _guard_check_icall_nop     000000018001277c f i MSVCRT:guard_support.obj
 0001:00011780       __isa_available_init       0000000180012780 f   MSVCRT:cpu_disp.obj
 0001:00011a1c       _get_startup_argv_mode     0000000180012a1c f   MSVCRT:argv_mode.obj
 0001:00011a24       __scrt_is_ucrt_dll_in_use  0000000180012a24 f   MSVCRT:ucrt_detection.obj
 0001:00011a30       __C_specific_handler       0000000180012a30 f   vcruntime:VCRUNTIME140.dll
 0001:00011a36       __std_type_info_destroy_list 0000000180012a36 f   vcruntime:VCRUNTIME140.dll
 0001:00011a3c       memset                     0000000180012a3c f   vcruntime:VCRUNTIME140.dll
 0001:00011a42       _initterm                  0000000180012a42 f   ucrt:api-ms-win-crt-runtime-l1-1-0.dll
 0001:00011a48       _initterm_e                0000000180012a48 f   ucrt:api-ms-win-crt-runtime-l1-1-0.dll
 0001:00011a4e       _seh_filter_dll            0000000180012a4e f   ucrt:api-ms-win-crt-runtime-l1-1-0.dll
 0001:00011a54       _configure_narrow_argv     0000000180012a54 f   ucrt:api-ms-win-crt-runtime-l1-1-0.dll
 0001:00011a5a       _initialize_narrow_environment 0000000180012a5a f   ucrt:api-ms-win-crt-runtime-l1-1-0.dll
 0001:00011a60       _initialize_onexit_table   0000000180012a60 f   ucrt:api-ms-win-crt-runtime-l1-1-0.dll
 0001:00011a66       _execute_onexit_table      0000000180012a66 f   ucrt:api-ms-win-crt-runtime-l1-1-0.dll
 0001:00011a6c       _cexit                     0000000180012a6c f   ucrt:api-ms-win-crt-runtime-l1-1-0.dll
 0001:00011a74       __acrt_initialize          0000000180012a74 f   MSVCRT:ucrt_stubs.obj
 0001:00011a74       __acrt_thread_attach       0000000180012a74 f   MSVCRT:ucrt_stubs.obj
 0001:00011a74       __acrt_thread_detach       0000000180012a74 f   MSVCRT:ucrt_stubs.obj
 0001:00011a74       __acrt_uninitialize        0000000180012a74 f   MSVCRT:ucrt_stubs.obj
 0001:00011a74       __acrt_uninitialize_critical 0000000180012a74 f   MSVCRT:ucrt_stubs.obj
 0001:00011a74       __scrt_stub_for_acrt_initialize 0000000180012a74 f   MSVCRT:ucrt_stubs.obj
 0001:00011a74       __scrt_stub_for_acrt_thread_attach 0000000180012a74 f   MSVCRT:ucrt_stubs.obj
 0001:00011a74       __scrt_stub_for_acrt_thread_detach 0000000180012a74 f   MSVCRT:ucrt_stubs.obj
 0001:00011a74       __scrt_stub_for_acrt_uninitialize 0000000180012a74 f   MSVCRT:ucrt_stubs.obj
 0001:00011a74       __scrt_stub_for_acrt_uninitialize_critical 0000000180012a74 f   MSVCRT:ucrt_stubs.obj
 0001:00011a74       __vcrt_initialize          0000000180012a74 f   MSVCRT:ucrt_stubs.obj
 0001:00011a74       __vcrt_thread_attach       0000000180012a74 f   MSVCRT:ucrt_stubs.obj
 0001:00011a74       __vcrt_thread_detach       0000000180012a74 f   MSVCRT:ucrt_stubs.obj
 0001:00011a74       __vcrt_uninitialize        0000000180012a74 f   MSVCRT:ucrt_stubs.obj
 0001:00011a74       __vcrt_uninitialize_critical 0000000180012a74 f   MSVCRT:ucrt_stubs.obj
 0001:00011a78       __scrt_stub_for_is_c_termination_complete 0000000180012a78 f   MSVCRT:ucrt_stubs.obj
 0001:00011a78       _is_c_termination_complete 0000000180012a78 f   MSVCRT:ucrt_stubs.obj
 0001:00011a90       __chkstk                   0000000180012a90 f   MSVCRT:chkstk.obj
 0001:00011a90       _alloca_probe              0000000180012a90 f   MSVCRT:chkstk.obj
 0001:00011ade       memchr                     0000000180012ade f   vcruntime:VCRUNTIME140.dll
 0001:00011ae4       memcpy                     0000000180012ae4 f   vcruntime:VCRUNTIME140.dll
 0001:00011aea       memmove                    0000000180012aea f   vcruntime:VCRUNTIME140.dll
 0001:00011af0       strcmp                     0000000180012af0 f   ucrt:api-ms-win-crt-string-l1-1-0.dll
 0001:00011af6       strlen                     0000000180012af6 f   ucrt:api-ms-win-crt-string-l1-1-0.dll
 0001:00011b10       _guard_dispatch_icall_nop  0000000180012b10 f   MSVCRT:guard_dispatch.obj
 0001:00011b30       _guard_xfg_dispatch_icall_nop 0000000180012b30 f   MSVCRT:guard_xfg_dispatch.obj
 0002:00000000       __imp_ReadFile             0000000180013000     kernel32:KERNEL32.dll
 0002:00000008       __imp_WriteFile            0000000180013008     kernel32:KERNEL32.dll
 0002:00000010       __imp_SetFilePointer       0000000180013010     kernel32:KERNEL32.dll
 0002:00000018       __imp_CreateFileW          0000000180013018     kernel32:KERNEL32.dll
 0002:00000020       __imp_GetLastError         0000000180013020     kernel32:KERNEL32.dll
 0002:00000028       __imp_CreateFileA          0000000180013028     kernel32:KERNEL32.dll
 0002:00000030       __imp_CloseHandle          0000000180013030     kernel32:KERNEL32.dll
 0002:00000038       __imp_InitializeSListHead  0000000180013038     kernel32:KERNEL32.dll
 0002:00000040       __imp_GetSystemTimeAsFileTime 0000000180013040     kernel32:KERNEL32.dll
 0002:00000048       __imp_GetCurrentThreadId   0000000180013048     kernel32:KERNEL32.dll
 0002:00000050       __imp_GetCurrentProcessId  0000000180013050     kernel32:KERNEL32.dll
 0002:00000058       __imp_DisableThreadLibraryCalls 0000000180013058     kernel32:KERNEL32.dll
 0002:00000060       __imp_QueryPerformanceCounter 0000000180013060     kernel32:KERNEL32.dll
 0002:00000068       \177KERNEL32_NULL_THUNK_DATA 0000000180013068     kernel32:KERNEL32.dll
 0002:00000070       __imp_memcpy               0000000180013070     vcruntime:VCRUNTIME140.dll
 0002:00000078       __imp_memchr               0000000180013078     vcruntime:VCRUNTIME140.dll
 0002:00000080       __imp_memmove              0000000180013080     vcruntime:VCRUNTIME140.dll
 0002:00000088       __imp_memset               0000000180013088     vcruntime:VCRUNTIME140.dll
 0002:00000090       __imp___std_type_info_destroy_list 0000000180013090     vcruntime:VCRUNTIME140.dll
 0002:00000098       __imp___C_specific_handler 0000000180013098     vcruntime:VCRUNTIME140.dll
 0002:000000a0       \177VCRUNTIME140_NULL_THUNK_DATA 00000001800130a0     vcruntime:VCRUNTIME140.dll
 0002:000000a8       __imp_wcstombs             00000001800130a8     ucrt:api-ms-win-crt-convert-l1-1-0.dll
 0002:000000b0       \177api-ms-win-crt-convert-l1-1-0_NULL_THUNK_DATA 00000001800130b0     ucrt:api-ms-win-crt-convert-l1-1-0.dll
 0002:000000b8       __imp_malloc               00000001800130b8     ucrt:api-ms-win-crt-heap-l1-1-0.dll
 0002:000000c0       __imp_free                 00000001800130c0     ucrt:api-ms-win-crt-heap-l1-1-0.dll
 0002:000000c8       \177api-ms-win-crt-heap-l1-1-0_NULL_THUNK_DATA 00000001800130c8     ucrt:api-ms-win-crt-heap-l1-1-0.dll
 0002:000000d0       __imp__errno               00000001800130d0     ucrt:api-ms-win-crt-runtime-l1-1-0.dll
 0002:000000d8       __imp_strerror             00000001800130d8     ucrt:api-ms-win-crt-runtime-l1-1-0.dll
 0002:000000e0       __imp__cexit               00000001800130e0     ucrt:api-ms-win-crt-runtime-l1-1-0.dll
 0002:000000e8       __imp__initterm            00000001800130e8     ucrt:api-ms-win-crt-runtime-l1-1-0.dll
 0002:000000f0       __imp__initterm_e          00000001800130f0     ucrt:api-ms-win-crt-runtime-l1-1-0.dll
 0002:000000f8       __imp__seh_filter_dll      00000001800130f8     ucrt:api-ms-win-crt-runtime-l1-1-0.dll
 0002:00000100       __imp__configure_narrow_argv 0000000180013100     ucrt:api-ms-win-crt-runtime-l1-1-0.dll
 0002:00000108       __imp__initialize_narrow_environment 0000000180013108     ucrt:api-ms-win-crt-runtime-l1-1-0.dll
 0002:00000110       __imp__initialize_onexit_table 0000000180013110     ucrt:api-ms-win-crt-runtime-l1-1-0.dll
 0002:00000118       __imp__execute_onexit_table 0000000180013118     ucrt:api-ms-win-crt-runtime-l1-1-0.dll
 0002:00000120       \177api-ms-win-crt-runtime-l1-1-0_NULL_THUNK_DATA 0000000180013120     ucrt:api-ms-win-crt-runtime-l1-1-0.dll
 0002:00000128       __imp_ferror               0000000180013128     ucrt:api-ms-win-crt-stdio-l1-1-0.dll
 0002:00000130       __imp__open                0000000180013130     ucrt:api-ms-win-crt-stdio-l1-1-0.dll
 0002:00000130       __imp_open                 0000000180013130     ucrt:api-ms-win-crt-stdio-l1-1-0.dll
 0002:00000138       __imp__read                0000000180013138     ucrt:api-ms-win-crt-stdio-l1-1-0.dll
 0002:00000138       __imp_read                 0000000180013138     ucrt:api-ms-win-crt-stdio-l1-1-0.dll
 0002:00000140       __imp__close               0000000180013140     ucrt:api-ms-win-crt-stdio-l1-1-0.dll
 0002:00000140       __imp_close                0000000180013140     ucrt:api-ms-win-crt-stdio-l1-1-0.dll
 0002:00000148       __imp__write               0000000180013148     ucrt:api-ms-win-crt-stdio-l1-1-0.dll
 0002:00000148       __imp_write                0000000180013148     ucrt:api-ms-win-crt-stdio-l1-1-0.dll
 0002:00000150       __imp_fopen                0000000180013150     ucrt:api-ms-win-crt-stdio-l1-1-0.dll
 0002:00000158       __imp_fclose               0000000180013158     ucrt:api-ms-win-crt-stdio-l1-1-0.dll
 0002:00000160       __imp__lseeki64            0000000180013160     ucrt:api-ms-win-crt-stdio-l1-1-0.dll
 0002:00000168       __imp_fread                0000000180013168     ucrt:api-ms-win-crt-stdio-l1-1-0.dll
 0002:00000170       __imp__wopen               0000000180013170     ucrt:api-ms-win-crt-stdio-l1-1-0.dll
 0002:00000178       __imp___stdio_common_vsprintf 0000000180013178     ucrt:api-ms-win-crt-stdio-l1-1-0.dll
 0002:00000180       __imp__fseeki64            0000000180013180     ucrt:api-ms-win-crt-stdio-l1-1-0.dll
 0002:00000188       __imp__ftelli64            0000000180013188     ucrt:api-ms-win-crt-stdio-l1-1-0.dll
 0002:00000190       __imp_fwrite               0000000180013190     ucrt:api-ms-win-crt-stdio-l1-1-0.dll
 0002:00000198       \177api-ms-win-crt-stdio-l1-1-0_NULL_THUNK_DATA 0000000180013198     ucrt:api-ms-win-crt-stdio-l1-1-0.dll
 0002:000001a0       __imp_strlen               00000001800131a0     ucrt:api-ms-win-crt-string-l1-1-0.dll
 0002:000001a8       __imp_strcmp               00000001800131a8     ucrt:api-ms-win-crt-string-l1-1-0.dll
 0002:000001b0       \177api-ms-win-crt-string-l1-1-0_NULL_THUNK_DATA 00000001800131b0     ucrt:api-ms-win-crt-string-l1-1-0.dll
 0002:000001b8       __imp__time64              00000001800131b8     ucrt:api-ms-win-crt-time-l1-1-0.dll
 0002:000001c0       \177api-ms-win-crt-time-l1-1-0_NULL_THUNK_DATA 00000001800131c0     ucrt:api-ms-win-crt-time-l1-1-0.dll
 0002:000001c8       __imp_rand                 00000001800131c8     ucrt:api-ms-win-crt-utility-l1-1-0.dll
 0002:000001d0       __imp_srand                00000001800131d0     ucrt:api-ms-win-crt-utility-l1-1-0.dll
 0002:000001d8       \177api-ms-win-crt-utility-l1-1-0_NULL_THUNK_DATA 00000001800131d8     ucrt:api-ms-win-crt-utility-l1-1-0.dll
 0002:000001e0       __guard_check_icall_fptr   00000001800131e0     MSVCRT:guard_support.obj
 0002:000001e8       __guard_xfg_check_icall_fptr 00000001800131e8     MSVCRT:guard_support.obj
 0002:000001f0       __guard_dispatch_icall_fptr 00000001800131f0     MSVCRT:guard_support.obj
 0002:000001f8       __guard_xfg_dispatch_icall_fptr 00000001800131f8     MSVCRT:guard_support.obj
 0002:00000200       __guard_xfg_table_dispatch_icall_fptr 0000000180013200     MSVCRT:guard_support.obj
 0002:00000208       __castguard_check_failure_os_handled_fptr 0000000180013208     MSVCRT:guard_support.obj
 0002:00000210       __guard_memcpy_fptr        0000000180013210     vcruntime:softmemtag.obj
 0002:00000218       __xc_a                     0000000180013218     MSVCRT:initializers.obj
 0002:00000220       __xc_z                     0000000180013220     MSVCRT:initializers.obj
 0002:00000228       __xi_a                     0000000180013228     MSVCRT:initializers.obj
 0002:00000230       __xi_z                     0000000180013230     MSVCRT:initializers.obj
 0002:00000238       __xp_a                     0000000180013238     MSVCRT:initializers.obj
 0002:00000240       __xp_z                     0000000180013240     MSVCRT:initializers.obj
 0002:00000248       __xt_a                     0000000180013248     MSVCRT:initializers.obj
 0002:00000250       __xt_z                     0000000180013250     MSVCRT:initializers.obj
 0002:00000260       _pDefaultRawDllMain        0000000180013260     MSVCRT:dll_dllmain.obj
 0002:00000260       _pRawDllMain               0000000180013260     MSVCRT:dll_dllmain.obj
 0002:00000270       __xmm@ffffffffffffffffffffffffffffffff 0000000180013270     MSVCRT:utility.obj
 0002:00000280       ??_C@_0P@CNPFHDLN@1?43?41?41?9motley@ 0000000180013280     compress.obj
 0002:00003e20       _length_code               0000000180016e20     trees.obj
 0002:00003f20       _dist_code                 0000000180016f20     trees.obj
 0002:000048f0       unz_copyright              00000001800178f0     unzip.obj
 0002:00004950       z_errmsg                   0000000180017950     zutil.obj
 0002:000049a0       ??_C@_02DKCKIIND@?$CFs@    00000001800179a0     gzlib.obj
 0002:000049a8       ??_C@_07EBNKNFJN@?$DMfd?3?$CFd?$DO@ 00000001800179a8     gzlib.obj
 0002:000049b0       ??_C@_0O@BNNCBLEN@out?5of?5memory@ 00000001800179b0     gzlib.obj
 0002:000049be       ??_C@_00CNPNBAHC@@         00000001800179be     gzlib.obj
 0002:000049c0       ??_C@_02LMMGGCAJ@?3?5@     00000001800179c0     gzlib.obj
 0002:000049c4       ??_C@_06DIJPEION@?$CFs?$CFs?$CFs@ 00000001800179c4     gzlib.obj
 0002:000049d0       ??_C@_0BH@CFIIDOJD@unexpected?5end?5of?5file@ 00000001800179d0     gzread.obj
 0002:000049e8       ??_C@_0CH@CPOLIEKA@internal?5error?3?5inflate?5stream?5@ 00000001800179e8     gzread.obj
 0002:00004a10       ??_C@_0BG@HCKBMIHF@compressed?5data?5error@ 0000000180017a10     gzread.obj
 0002:00004a28       ??_C@_0BP@HLDABFKK@request?5does?5not?5fit?5in?5an?5int@ 0000000180017a28     gzread.obj
 0002:00004a48       ??_C@_0CB@EGGJDMIK@request?5does?5not?5fit?5in?5a?5size_@ 0000000180017a48     gzread.obj
 0002:00004a70       ??_C@_0BP@IIKIGMCC@out?5of?5room?5to?5push?5characters@ 0000000180017a70     gzread.obj
 0002:00004a90       ??_C@_0CH@DEEGAHIB@internal?5error?3?5deflate?5stream?5@ 0000000180017a90     gzwrite.obj
 0002:00004ab8       ??_C@_0CF@MLPJFDMM@requested?5length?5does?5not?5fit?5i@ 0000000180017ab8     gzwrite.obj
 0002:00004ae0       ??_C@_0CC@ENDIFONJ@string?5length?5does?5not?5fit?5in?5i@ 0000000180017ae0     gzwrite.obj
 0002:00004b08       ??_C@_0BD@PJCBIDD@invalid?5block?5type@ 0000000180017b08     infback.obj
 0002:00004b20       ??_C@_0BN@LGAADGOK@invalid?5stored?5block?5lengths@ 0000000180017b20     infback.obj
 0002:00004b40       ??_C@_0CE@GMIGFPBB@too?5many?5length?5or?5distance?5sym@ 0000000180017b40     infback.obj
 0002:00004b68       ??_C@_0BJ@HDEPPGOH@invalid?5code?5lengths?5set@ 0000000180017b68     infback.obj
 0002:00004b88       ??_C@_0BK@BMMPFBBH@invalid?5bit?5length?5repeat@ 0000000180017b88     infback.obj
 0002:00004ba8       ??_C@_0CF@DGDMADCD@invalid?5code?5?9?9?5missing?5end?9of?9@ 0000000180017ba8     infback.obj
 0002:00004bd0       ??_C@_0BM@IIMGAINC@invalid?5literal?1lengths?5set@ 0000000180017bd0     infback.obj
 0002:00004bf0       ??_C@_0BG@GMDFCBGP@invalid?5distances?5set@ 0000000180017bf0     infback.obj
 0002:00004c08       ??_C@_0BM@FFFLPBBC@invalid?5literal?1length?5code@ 0000000180017c08     infback.obj
 0002:00004c28       ??_C@_0BG@LBKINIKP@invalid?5distance?5code@ 0000000180017c28     infback.obj
 0002:00004c40       ??_C@_0BO@ECPMAOGG@invalid?5distance?5too?5far?5back@ 0000000180017c40     infback.obj
 0002:00004c60       ??_C@_0BH@LIBMMIGA@incorrect?5header?5check@ 0000000180017c60     inflate.obj
 0002:00004c78       ??_C@_0BL@IHKGDAEE@unknown?5compression?5method@ 0000000180017c78     inflate.obj
 0002:00004c98       ??_C@_0BE@EMOGCLGO@invalid?5window?5size@ 0000000180017c98     inflate.obj
 0002:00004cb0       ??_C@_0BJ@BLBBCOMO@unknown?5header?5flags?5set@ 0000000180017cb0     inflate.obj
 0002:00004cd0       ??_C@_0BE@GONKLEPM@header?5crc?5mismatch@ 0000000180017cd0     inflate.obj
 0002:00004ce8       ??_C@_0BF@MEIGEHBE@incorrect?5data?5check@ 0000000180017ce8     inflate.obj
 0002:00004d00       ??_C@_0BH@FGKKJGOC@incorrect?5length?5check@ 0000000180017d00     inflate.obj
 0002:00004d18       ??_C@_02JDPG@rb@           0000000180017d18     ioapi.obj
 0002:00004d1c       ??_C@_03HMFOOINA@r?$CLb@   0000000180017d1c     ioapi.obj
 0002:00004d20       ??_C@_02GMLFBBN@wb@        0000000180017d20     ioapi.obj
 0002:00004d24       ??_C@_01JOAMLHOP@?9@       0000000180017d24     zip.obj
 0002:00004d28       ??_C@_0BA@MOKMMFOD@need?5dictionary@ 0000000180017d28     zutil.obj
 0002:00004d38       ??_C@_0L@FNAOCBOG@stream?5end@ 0000000180017d38     zutil.obj
 0002:00004d48       ??_C@_0L@KIJFAKBJ@file?5error@ 0000000180017d48     zutil.obj
 0002:00004d58       ??_C@_0N@MKKNPMJD@stream?5error@ 0000000180017d58     zutil.obj
 0002:00004d68       ??_C@_0L@HAHMBNLP@data?5error@ 0000000180017d68     zutil.obj
 0002:00004d78       ??_C@_0BE@OGGJBMCE@insufficient?5memory@ 0000000180017d78     zutil.obj
 0002:00004d90       ??_C@_0N@DFPGLBGC@buffer?5error@ 0000000180017d90     zutil.obj
 0002:00004da0       ??_C@_0BF@CJFPCCEG@incompatible?5version@ 0000000180017da0     zutil.obj
 0002:00004dc0       _load_config_used          0000000180017dc0     MSVCRT:loadcfg.obj
 0002:00004f80       __volatile_metadata        0000000180017f80     <linker-defined>
 0002:000052b0       __rtc_iaa                  00000001800182b0     MSVCRT:initsect.obj
 0002:000052b8       __rtc_izz                  00000001800182b8     MSVCRT:initsect.obj
 0002:000052c0       __rtc_taa                  00000001800182c0     MSVCRT:initsect.obj
 0002:000052c8       __rtc_tzz                  00000001800182c8     MSVCRT:initsect.obj
 0002:00007374       __IMPORT_DESCRIPTOR_KERNEL32 000000018001a374     kernel32:KERNEL32.dll
 0002:00007388       __IMPORT_DESCRIPTOR_VCRUNTIME140 000000018001a388     vcruntime:VCRUNTIME140.dll
 0002:0000739c       __IMPORT_DESCRIPTOR_api-ms-win-crt-stdio-l1-1-0 000000018001a39c     ucrt:api-ms-win-crt-stdio-l1-1-0.dll
 0002:000073b0       __IMPORT_DESCRIPTOR_api-ms-win-crt-convert-l1-1-0 000000018001a3b0     ucrt:api-ms-win-crt-convert-l1-1-0.dll
 0002:000073c4       __IMPORT_DESCRIPTOR_api-ms-win-crt-heap-l1-1-0 000000018001a3c4     ucrt:api-ms-win-crt-heap-l1-1-0.dll
 0002:000073d8       __IMPORT_DESCRIPTOR_api-ms-win-crt-runtime-l1-1-0 000000018001a3d8     ucrt:api-ms-win-crt-runtime-l1-1-0.dll
 0002:000073ec       __IMPORT_DESCRIPTOR_api-ms-win-crt-time-l1-1-0 000000018001a3ec     ucrt:api-ms-win-crt-time-l1-1-0.dll
 0002:00007400       __IMPORT_DESCRIPTOR_api-ms-win-crt-utility-l1-1-0 000000018001a400     ucrt:api-ms-win-crt-utility-l1-1-0.dll
 0002:00007414       __IMPORT_DESCRIPTOR_api-ms-win-crt-string-l1-1-0 000000018001a414     ucrt:api-ms-win-crt-string-l1-1-0.dll
 0002:00007428       __NULL_IMPORT_DESCRIPTOR   000000018001a428     kernel32:KERNEL32.dll
 0003:00000000       __scrt_native_dllmain_reason 000000018001b000     MSVCRT:utility.obj
 0003:00000040       __security_cookie          000000018001b040     MSVCRT:gs_cookie.obj
 0003:00000080       __security_cookie_complement 000000018001b080     MSVCRT:gs_cookie.obj
 0003:00000088       __isa_available            000000018001b088     MSVCRT:cpu_disp.obj
 0003:0000008c       __isa_enabled              000000018001b08c     MSVCRT:cpu_disp.obj
 0003:00000090       __memset_fast_string_threshold 000000018001b090     MSVCRT:cpu_disp.obj
 0003:00000098       __memset_nt_threshold      000000018001b098     MSVCRT:cpu_disp.obj
 0003:000000a0       __isa_inverted             000000018001b0a0     MSVCRT:cpu_disp.obj
 0003:000000b0       __scrt_ucrt_dll_is_in_use  000000018001b0b0     MSVCRT:ucrt_stubs.obj
 0003:000000d0       ?__type_info_root_node@@3U__type_info_node@@A 000000018001b0d0     MSVCRT:tncleanup.obj
 0003:000000e0       ?_OptionsStorage@?1??__local_stdio_scanf_options@@9@4_KA 000000018001b0e0     MSVCRT:default_local_stdio_options.obj
 0003:000000e8       __scrt_current_native_startup_state 000000018001b0e8     MSVCRT:utility.obj
 0003:000000f0       __scrt_native_startup_lock 000000018001b0f0     MSVCRT:utility.obj
 0003:00000130       __scrt_debugger_hook_flag  000000018001b130     MSVCRT:utility_desktop.obj
 0003:00000134       __favor                    000000018001b134     MSVCRT:cpu_disp.obj
 0003:00000138       __avx10_version            000000018001b138     MSVCRT:cpu_disp.obj
 0003:00000140       __dyn_tls_init_callback    000000018001b140     <common>
 0003:00000148       ?_OptionsStorage@?1??__local_stdio_printf_options@@9@9 000000018001b148     <common>

 entry point at        0001:00011284

 Static symbols

 0000:fffe0000       .debug$S                   0000000180000000     zlibwapi.exp
 0000:fffe0000       .debug$S                   0000000180000000     ucrt:api-ms-win-crt-convert-l1-1-0.dll
 0000:fffe0000       .debug$S                   0000000180000000     ucrt:api-ms-win-crt-heap-l1-1-0.dll
 0000:fffe0000       .debug$S                   0000000180000000     ucrt:api-ms-win-crt-heap-l1-1-0.dll
 0000:fffe0000       .debug$S                   0000000180000000     ucrt:api-ms-win-crt-heap-l1-1-0.dll
 0000:fffe0000       .debug$S                   0000000180000000     ucrt:api-ms-win-crt-runtime-l1-1-0.dll
 0000:fffe0000       .debug$S                   0000000180000000     ucrt:api-ms-win-crt-runtime-l1-1-0.dll
 0000:fffe0000       .debug$S                   0000000180000000     ucrt:api-ms-win-crt-runtime-l1-1-0.dll
 0000:fffe0000       .debug$S                   0000000180000000     ucrt:api-ms-win-crt-runtime-l1-1-0.dll
 0000:fffe0000       .debug$S                   0000000180000000     ucrt:api-ms-win-crt-runtime-l1-1-0.dll
 0000:fffe0000       .debug$S                   0000000180000000     ucrt:api-ms-win-crt-runtime-l1-1-0.dll
 0000:fffe0000       .debug$S                   0000000180000000     ucrt:api-ms-win-crt-runtime-l1-1-0.dll
 0000:fffe0000       .debug$S                   0000000180000000     ucrt:api-ms-win-crt-runtime-l1-1-0.dll
 0000:fffe0000       .debug$S                   0000000180000000     ucrt:api-ms-win-crt-runtime-l1-1-0.dll
 0000:fffe0000       .debug$S                   0000000180000000     ucrt:api-ms-win-crt-runtime-l1-1-0.dll
 0000:fffe0000       .debug$S                   0000000180000000     ucrt:api-ms-win-crt-runtime-l1-1-0.dll
 0000:fffe0000       .debug$S                   0000000180000000     ucrt:api-ms-win-crt-runtime-l1-1-0.dll
 0000:fffe0000       .debug$S                   0000000180000000     ucrt:api-ms-win-crt-runtime-l1-1-0.dll
 0000:fffe0000       .debug$S                   0000000180000000     ucrt:api-ms-win-crt-runtime-l1-1-0.dll
 0000:fffe0000       .debug$S                   0000000180000000     ucrt:api-ms-win-crt-runtime-l1-1-0.dll
 0000:fffe0000       .debug$S                   0000000180000000     ucrt:api-ms-win-crt-stdio-l1-1-0.dll
 0000:fffe0000       .debug$S                   0000000180000000     ucrt:api-ms-win-crt-stdio-l1-1-0.dll
 0000:fffe0000       .debug$S                   0000000180000000     ucrt:api-ms-win-crt-stdio-l1-1-0.dll
 0000:fffe0000       .debug$S                   0000000180000000     ucrt:api-ms-win-crt-stdio-l1-1-0.dll
 0000:fffe0000       .debug$S                   0000000180000000     ucrt:api-ms-win-crt-stdio-l1-1-0.dll
 0000:fffe0000       .debug$S                   0000000180000000     ucrt:api-ms-win-crt-stdio-l1-1-0.dll
 0000:fffe0000       .debug$S                   0000000180000000     ucrt:api-ms-win-crt-stdio-l1-1-0.dll
 0000:fffe0000       .debug$S                   0000000180000000     ucrt:api-ms-win-crt-stdio-l1-1-0.dll
 0000:fffe0000       .debug$S                   0000000180000000     ucrt:api-ms-win-crt-stdio-l1-1-0.dll
 0000:fffe0000       .debug$S                   0000000180000000     ucrt:api-ms-win-crt-stdio-l1-1-0.dll
 0000:fffe0000       .debug$S                   0000000180000000     ucrt:api-ms-win-crt-stdio-l1-1-0.dll
 0000:fffe0000       .debug$S                   0000000180000000     ucrt:api-ms-win-crt-stdio-l1-1-0.dll
 0000:fffe0000       .debug$S                   0000000180000000     ucrt:api-ms-win-crt-stdio-l1-1-0.dll
 0000:fffe0000       .debug$S                   0000000180000000     ucrt:api-ms-win-crt-stdio-l1-1-0.dll
 0000:fffe0000       .debug$S                   0000000180000000     ucrt:api-ms-win-crt-stdio-l1-1-0.dll
 0000:fffe0000       .debug$S                   0000000180000000     ucrt:api-ms-win-crt-stdio-l1-1-0.dll
 0000:fffe0000       .debug$S                   0000000180000000     ucrt:api-ms-win-crt-string-l1-1-0.dll
 0000:fffe0000       .debug$S                   0000000180000000     ucrt:api-ms-win-crt-string-l1-1-0.dll
 0000:fffe0000       .debug$S                   0000000180000000     ucrt:api-ms-win-crt-time-l1-1-0.dll
 0000:fffe0000       .debug$S                   0000000180000000     ucrt:api-ms-win-crt-time-l1-1-0.dll
 0000:fffe0000       .debug$S                   0000000180000000     ucrt:api-ms-win-crt-utility-l1-1-0.dll
 0000:fffe0000       .debug$S                   0000000180000000     ucrt:api-ms-win-crt-utility-l1-1-0.dll
 0000:fffe0000       .debug$S                   0000000180000000     kernel32:KERNEL32.dll
 0000:fffe0000       .debug$S                   0000000180000000     kernel32:KERNEL32.dll
 0000:fffe0000       .debug$S                   0000000180000000     kernel32:KERNEL32.dll
 0000:fffe0000       .debug$S                   0000000180000000     kernel32:KERNEL32.dll
 0000:fffe0000       .debug$S                   0000000180000000     kernel32:KERNEL32.dll
 0000:fffe0000       .debug$S                   0000000180000000     kernel32:KERNEL32.dll
 0000:fffe0000       .debug$S                   0000000180000000     kernel32:KERNEL32.dll
 0000:fffe0000       .debug$S                   0000000180000000     kernel32:KERNEL32.dll
 0000:fffe0000       .debug$S                   0000000180000000     kernel32:KERNEL32.dll
 0000:fffe0000       .debug$S                   0000000180000000     kernel32:KERNEL32.dll
 0000:fffe0000       .debug$S                   0000000180000000     kernel32:KERNEL32.dll
 0000:fffe0000       .debug$S                   0000000180000000     kernel32:KERNEL32.dll
 0000:fffe0000       .debug$S                   0000000180000000     kernel32:KERNEL32.dll
 0000:fffe0000       .debug$S                   0000000180000000     kernel32:KERNEL32.dll
 0000:fffe0000       .debug$S                   0000000180000000     kernel32:KERNEL32.dll
 0000:fffe0000       .debug$S                   0000000180000000     kernel32:KERNEL32.dll
 0000:fffe0000       .debug$S                   0000000180000000     vcruntime:VCRUNTIME140.dll
 0000:fffe0000       .debug$S                   0000000180000000     vcruntime:VCRUNTIME140.dll
 0000:fffe0000       .debug$S                   0000000180000000     vcruntime:VCRUNTIME140.dll
 0000:fffe0000       .debug$S                   0000000180000000     vcruntime:VCRUNTIME140.dll
 0000:fffe0000       .debug$S                   0000000180000000     vcruntime:VCRUNTIME140.dll
 0000:fffe0000       .debug$S                   0000000180000000     vcruntime:VCRUNTIME140.dll
 0000:fffe0000       .debug$S                   0000000180000000     vcruntime:VCRUNTIME140.dll
 0000:fffe0000       .debug$S                   0000000180000000     vcruntime:VCRUNTIME140.dll
 0000:fffe0000       .debug$S                   0000000180000000     vcruntime:VCRUNTIME140.dll
 0001:000003b0       adler32_combine_           00000001800013b0 f   adler32.obj
 0001:000005d0       multmodp                   00000001800015d0 f   crc32.obj
 0001:00000610       x2nmodp                    0000000180001610 f   crc32.obj
 0001:00000670       crc_word                   0000000180001670 f   crc32.obj
 0001:00000ad0       slide_hash                 0000000180001ad0 f   deflate.obj
 0001:00000b50       read_buf                   0000000180001b50 f   deflate.obj
 0001:00000bf0       fill_window                0000000180001bf0 f   deflate.obj
 0001:00001100       deflateStateCheck          0000000180002100 f   deflate.obj
 0001:00001480       lm_init                    0000000180002480 f   deflate.obj
 0001:00001a20       putShortMSB                0000000180002a20 f   deflate.obj
 0001:00001a50       flush_pending              0000000180002a50 f   deflate.obj
 0001:00002700       longest_match              0000000180003700 f   deflate.obj
 0001:000028b0       deflate_stored             00000001800038b0 f   deflate.obj
 0001:00002d20       deflate_fast               0000000180003d20 f   deflate.obj
 0001:00003150       deflate_slow               0000000180004150 f   deflate.obj
 0001:000036a0       deflate_rle                00000001800046a0 f   deflate.obj
 0001:000039f0       deflate_huff               00000001800049f0 f   deflate.obj
 0001:00003c70       gz_reset                   0000000180004c70 f   gzlib.obj
 0001:00003cc0       gz_open                    0000000180004cc0 f   gzlib.obj
 0001:00003f68       $LN55                      0000000180004f68     gzlib.obj
 0001:00003f94       $LN54                      0000000180004f94     gzlib.obj
 0001:000044f0       gz_load                    00000001800054f0 f   gzread.obj
 0001:000045a0       gz_avail                   00000001800055a0 f   gzread.obj
 0001:00004630       gz_look                    0000000180005630 f   gzread.obj
 0001:000047d0       gz_decomp                  00000001800057d0 f   gzread.obj
 0001:000048f0       gz_fetch                   00000001800058f0 f   gzread.obj
 0001:000049a0       gz_skip                    00000001800059a0 f   gzread.obj
 0001:00004a30       gz_read                    0000000180005a30 f   gzread.obj
 0001:00005060       gz_init                    0000000180006060 f   gzwrite.obj
 0001:00005180       gz_comp                    0000000180006180 f   gzwrite.obj
 0001:00005340       gz_zero                    0000000180006340 f   gzwrite.obj
 0001:000053e0       gz_write                   00000001800063e0 f   gzwrite.obj
 0001:00005c90       fixedtables                0000000180006c90 f   infback.obj
 0001:00006bf4       $LN554                     0000000180007bf4     infback.obj
 0001:00007150       inflateStateCheck          0000000180008150 f   inflate.obj
 0001:00007490       fixedtables                0000000180008490 f   inflate.obj
 0001:000074c0       updatewindow               00000001800084c0 f   inflate.obj
 0001:00008d9c       $LN906                     0000000180009d9c     inflate.obj
 0001:00009010       syncsearch                 000000018000a010 f   inflate.obj
 0001:00009b80       fopen64_file_func          000000018000ab80 f   ioapi.obj
 0001:00009bd0       fread_file_func            000000018000abd0 f   ioapi.obj
 0001:00009bf0       fwrite_file_func           000000018000abf0 f   ioapi.obj
 0001:00009c10       ftell64_file_func          000000018000ac10 f   ioapi.obj
 0001:00009c20       fseek64_file_func          000000018000ac20 f   ioapi.obj
 0001:00009c70       fclose_file_func           000000018000ac70 f   ioapi.obj
 0001:00009c80       ferror_file_func           000000018000ac80 f   ioapi.obj
 0001:00009cf0       win32_translate_open_mode  000000018000acf0 f   iowin32.obj
 0001:00009d50       win32_build_iowin          000000018000ad50 f   iowin32.obj
 0001:00009f80       MySetFilePointerEx         000000018000af80 f   iowin32.obj
 0001:0000a330       bi_reverse                 000000018000b330 f   trees.obj
 0001:0000a350       bi_flush                   000000018000b350 f   trees.obj
 0001:0000a3d0       bi_windup                  000000018000b3d0 f   trees.obj
 0001:0000a440       gen_codes                  000000018000b440 f   trees.obj
 0001:0000a570       init_block                 000000018000b570 f   trees.obj
 0001:0000a7b0       pqdownheap                 000000018000b7b0 f   trees.obj
 0001:0000a8a0       gen_bitlen                 000000018000b8a0 f   trees.obj
 0001:0000aaa0       build_tree                 000000018000baa0 f   trees.obj
 0001:0000ad40       scan_tree                  000000018000bd40 f   trees.obj
 0001:0000ae70       send_tree                  000000018000be70 f   trees.obj
 0001:0000b3e0       build_bl_tree              000000018000c3e0 f   trees.obj
 0001:0000b4a0       send_all_trees             000000018000c4a0 f   trees.obj
 0001:0000b900       compress_block             000000018000c900 f   trees.obj
 0001:0000bd30       detect_data_type           000000018000cd30 f   trees.obj
 0001:0000c140       decrypt_byte               000000018000d140 f   unzip.obj
 0001:0000c140       decrypt_byte               000000018000d140 f   zip.obj
 0001:0000c160       update_keys                000000018000d160 f   unzip.obj
 0001:0000c160       update_keys                000000018000d160 f   zip.obj
 0001:0000c1b0       init_keys                  000000018000d1b0 f   unzip.obj
 0001:0000c1b0       init_keys                  000000018000d1b0 f   zip.obj
 0001:0000c220       unz64local_getShort        000000018000d220 f   unzip.obj
 0001:0000c2a0       unz64local_getLong         000000018000d2a0 f   unzip.obj
 0001:0000c330       unz64local_getLong64       000000018000d330 f   unzip.obj
 0001:0000c400       strcmpcasenosensitive_internal 000000018000d400 f   unzip.obj
 0001:0000c4a0       unz64local_SearchCentralDir 000000018000d4a0 f   unzip.obj
 0001:0000c610       unz64local_SearchCentralDir64 000000018000d610 f   unzip.obj
 0001:0000c810       unzOpenInternal            000000018000d810 f   unzip.obj
 0001:0000cdf0       unz64local_DosDateToTmuDate 000000018000ddf0 f   unzip.obj
 0001:0000ce50       unz64local_GetCurrentFileInfoInternal 000000018000de50 f   unzip.obj
 0001:0000d990       unz64local_CheckCurrentFileCoherencyHeader 000000018000e990 f   unzip.obj
 0001:0000e690       crypthead                  000000018000f690 f   zip.obj
 0001:0000e7c0       allocate_new_datablock     000000018000f7c0 f   zip.obj
 0001:0000e7f0       free_datablock             000000018000f7f0 f   zip.obj
 0001:0000e820       init_linkedlist            000000018000f820 f   zip.obj
 0001:0000e830       free_linkedlist            000000018000f830 f   zip.obj
 0001:0000e850       add_data_in_datablock      000000018000f850 f   zip.obj
 0001:0000e910       zip64local_putValue        000000018000f910 f   zip.obj
 0001:0000e980       zip64local_putValue_inmemory 000000018000f980 f   zip.obj
 0001:0000e9c0       zip64local_TmzDateToDosDate 000000018000f9c0 f   zip.obj
 0001:0000ea10       zip64local_getByte         000000018000fa10 f   zip.obj
 0001:0000ea80       zip64local_getShort        000000018000fa80 f   zip.obj
 0001:0000eaf0       zip64local_getLong         000000018000faf0 f   zip.obj
 0001:0000ebb0       zip64local_getLong64       000000018000fbb0 f   zip.obj
 0001:0000ed30       zip64local_SearchCentralDir 000000018000fd30 f   zip.obj
 0001:0000ee80       zip64local_SearchCentralDir64 000000018000fe80 f   zip.obj
 0001:0000f080       LoadCentralDirectoryRecord 0000000180010080 f   zip.obj
 0001:0000f6a0       Write_LocalFileHeader      00000001800106a0 f   zip.obj
 0001:000102e0       zip64FlushWriteBuffer      00000001800112e0 f   zip.obj
 0001:000109f0       Write_Zip64EndOfCentralDirectoryLocator 00000001800119f0 f   zip.obj
 0001:00010a90       Write_Zip64EndOfCentralDirectoryRecord 0000000180011a90 f   zip.obj
 0001:00010be0       Write_EndOfCentralDirectoryRecord 0000000180011be0 f   zip.obj
 0001:00010d10       Write_GlobalComment        0000000180011d10 f   zip.obj
 0001:00010f70       ?dllmain_crt_dispatch@@YAHQEAUHINSTANCE__@@KQEAX@Z 0000000180011f70 f   MSVCRT:dll_dllmain.obj
 0001:00010fc0       ?dllmain_crt_process_attach@@YAHQEAUHINSTANCE__@@QEAX@Z 0000000180011fc0 f   MSVCRT:dll_dllmain.obj
 0001:000110d8       ?dllmain_crt_process_detach@@YAH_N@Z 00000001800120d8 f   MSVCRT:dll_dllmain.obj
 0001:0001115c       ?dllmain_dispatch@@YAHQEAUHINSTANCE__@@KQEAX@Z 000000018001215c f   MSVCRT:dll_dllmain.obj
 0001:00011a80       $$000000                   0000000180012a80     MSVCRT:chkstk.obj
 0001:00011b00       $$000000                   0000000180012b00     MSVCRT:guard_dispatch.obj
 0001:00011b20       $$000000                   0000000180012b20     MSVCRT:guard_xfg_dispatch.obj
 0001:00011b36       ?fin$0@?0??dllmain_crt_process_attach@@YAHQEAUHINSTANCE__@@QEAX@Z@4HA 0000000180012b36 f   MSVCRT:dll_dllmain.obj
 0001:00011b4d       ?fin$0@?0??dllmain_crt_process_detach@@YAH_N@Z@4HA 0000000180012b4d f   MSVCRT:dll_dllmain.obj
 0001:00011b66       ?fin$1@?0??dllmain_crt_process_detach@@YAH_N@Z@4HA 0000000180012b66 f   MSVCRT:dll_dllmain.obj
 0001:00011b7a       ?filt$0@?0??dllmain_dispatch@@YAHQEAUHINSTANCE__@@KQEAX@Z@4HA 0000000180012b7a f   MSVCRT:dll_dllmain.obj
 0001:00011bb0       __scrt_is_nonwritable_in_current_image$filt$0 0000000180012bb0 f   MSVCRT:utility.obj
 0002:00000290       crc_table                  0000000180013290     crc32.obj
 0002:00000690       crc_big_table              0000000180013690     crc32.obj
 0002:00000a90       crc_braid_table            0000000180013a90     crc32.obj
 0002:00001a90       crc_braid_big_table        0000000180014a90     crc32.obj
 0002:00002a90       x2n_table                  0000000180015a90     crc32.obj
 0002:00002b10       ?my_version@?1??deflateInit2_@@9@9 0000000180015b10     deflate.obj
 0002:00002b20       configuration_table        0000000180015b20     deflate.obj
 0002:00002bc0       ?lenfix@?1??fixedtables@@9@9 0000000180015bc0     infback.obj
 0002:000033c0       ?distfix@?1??fixedtables@@9@9 00000001800163c0     infback.obj
 0002:00003440       ?order@?1??inflateBack@@9@9 0000000180016440     infback.obj
 0002:00003470       ?lenfix@?1??fixedtables@@9@9 0000000180016470     inflate.obj
 0002:00003c70       ?distfix@?1??fixedtables@@9@9 0000000180016c70     inflate.obj
 0002:00003cf0       ?order@?1??inflate@@9@9    0000000180016cf0     inflate.obj
 0002:00003d20       ?dext@?1??inflate_table@@9@9 0000000180016d20     inftrees.obj
 0002:00003d60       ?lext@?1??inflate_table@@9@9 0000000180016d60     inftrees.obj
 0002:00003da0       ?lbase@?1??inflate_table@@9@9 0000000180016da0     inftrees.obj
 0002:00003de0       ?dbase@?1??inflate_table@@9@9 0000000180016de0     inftrees.obj
 0002:00004120       static_dtree               0000000180017120     trees.obj
 0002:000041a0       extra_blbits               00000001800171a0     trees.obj
 0002:000041f0       extra_lbits                00000001800171f0     trees.obj
 0002:00004270       base_dist                  0000000180017270     trees.obj
 0002:000042f0       base_length                00000001800172f0     trees.obj
 0002:00004368       static_l_desc              0000000180017368     trees.obj
 0002:00004388       static_bl_desc             0000000180017388     trees.obj
 0002:000043b0       extra_dbits                00000001800173b0     trees.obj
 0002:00004430       static_ltree               0000000180017430     trees.obj
 0002:000048b0       static_d_desc              00000001800178b0     trees.obj
 0002:000048d0       bl_order                   00000001800178d0     trees.obj
 0002:000052d0       $unwind$adler32_z          00000001800182d0     adler32.obj
 0002:000052f8       $unwind$adler32_combine_   00000001800182f8     adler32.obj
 0002:000052f8       $unwind$syncsearch         00000001800182f8     inflate.obj
 0002:000052f8       $unwind$strcmpcasenosensitive_internal 00000001800182f8     unzip.obj
 0002:00005300       $unwind$compress2          0000000180018300     compress.obj
 0002:00005314       $unwind$compress           0000000180018314     compress.obj
 0002:00005314       $unwind$unzGoToFilePos     0000000180018314     unzip.obj
 0002:00005314       $unwind$unzOpenCurrentFile 0000000180018314     unzip.obj
 0002:00005314       $unwind$unzOpenCurrentFile2 0000000180018314     unzip.obj
 0002:00005314       $unwind$unzOpenCurrentFilePassword 0000000180018314     unzip.obj
 0002:0000531c       $unwind$x2nmodp            000000018001831c     crc32.obj
 0002:0000531c       $unwind$deflateBound       000000018001831c     deflate.obj
 0002:0000531c       $unwind$deflateCopy        000000018001831c     deflate.obj
 0002:0000531c       $unwind$gzoffset64         000000018001831c     gzlib.obj
 0002:0000531c       $unwind$gzrewind           000000018001831c     gzlib.obj
 0002:0000531c       $unwind$gz_avail           000000018001831c     gzread.obj
 0002:0000531c       $unwind$gz_fetch           000000018001831c     gzread.obj
 0002:0000531c       $unwind$gzdirect           000000018001831c     gzread.obj
 0002:0000531c       $unwind$gzfread            000000018001831c     gzread.obj
 0002:0000531c       $unwind$gzread             000000018001831c     gzread.obj
 0002:0000531c       $unwind$gzclose_w          000000018001831c     gzwrite.obj
 0002:0000531c       $unwind$gzfwrite           000000018001831c     gzwrite.obj
 0002:0000531c       $unwind$inflateBackEnd     000000018001831c     infback.obj
 0002:0000531c       $unwind$win32_tell64_file_func 000000018001831c     iowin32.obj
 0002:0000531c       $unwind$win32_tell_file_func 000000018001831c     iowin32.obj
 0002:0000531c       $unwind$build_bl_tree      000000018001831c     trees.obj
 0002:0000531c       $unwind$unzClose           000000018001831c     unzip.obj
 0002:0000531c       $unwind$free_linkedlist    000000018001831c     zip.obj
 0002:0000531c       $unwind$set_end            000000018001831c     zip.obj
 0002:0000531c       $unwind$__scrt_initialize_onexit_tables 000000018001831c     MSVCRT:utility.obj
 0002:0000531c       $unwind$__scrt_release_startup_lock 000000018001831c     MSVCRT:utility.obj
 0002:0000531c       $unwind$__scrt_uninitialize_crt 000000018001831c     MSVCRT:utility.obj
 0002:00005324       $chain$0$x2nmodp           0000000180018324     crc32.obj
 0002:00005338       $chain$1$x2nmodp           0000000180018338     crc32.obj
 0002:00005348       $unwind$crc32_z            0000000180018348     crc32.obj
 0002:00005354       $chain$3$crc32_z           0000000180018354     crc32.obj
 0002:00005374       $chain$5$crc32_z           0000000180018374     crc32.obj
 0002:0000538c       $chain$6$crc32_z           000000018001838c     crc32.obj
 0002:0000539c       $chain$7$crc32_z           000000018001839c     crc32.obj
 0002:000053ac       $unwind$crc32_combine64    00000001800183ac     crc32.obj
 0002:000053ac       $unwind$deflatePrime       00000001800183ac     deflate.obj
 0002:000053ac       $unwind$deflateReset       00000001800183ac     deflate.obj
 0002:000053ac       $unwind$lm_init            00000001800183ac     deflate.obj
 0002:000053ac       $unwind$gz_reset           00000001800183ac     gzlib.obj
 0002:000053ac       $unwind$gz_skip            00000001800183ac     gzread.obj
 0002:000053ac       $unwind$gzungetc           00000001800183ac     gzread.obj
 0002:000053ac       $unwind$gzflush            00000001800183ac     gzwrite.obj
 0002:000053ac       $unwind$MySetFilePointerEx 00000001800183ac     iowin32.obj
 0002:000053ac       $unwind$win32_close_file_func 00000001800183ac     iowin32.obj
 0002:000053ac       $unwind$_tr_stored_block   00000001800183ac     trees.obj
 0002:000053ac       $unwind$_RTC_Initialize    00000001800183ac     MSVCRT:initsect.obj
 0002:000053ac       $unwind$_RTC_Terminate     00000001800183ac     MSVCRT:initsect.obj
 0002:000053b8       $unwind$crc32_combine_op   00000001800183b8     crc32.obj
 0002:000053b8       $unwind$deflatePending     00000001800183b8     deflate.obj
 0002:000053b8       $unwind$deflateSetHeader   00000001800183b8     deflate.obj
 0002:000053b8       $unwind$deflateTune        00000001800183b8     deflate.obj
 0002:000053b8       $unwind$deflateUsed        00000001800183b8     deflate.obj
 0002:000053b8       $unwind$gzgetc             00000001800183b8     gzread.obj
 0002:000053b8       $unwind$gzwrite            00000001800183b8     gzwrite.obj
 0002:000053b8       $unwind$inflateCodesUsed   00000001800183b8     inflate.obj
 0002:000053b8       $unwind$inflateGetHeader   00000001800183b8     inflate.obj
 0002:000053b8       $unwind$inflateMark        00000001800183b8     inflate.obj
 0002:000053b8       $unwind$inflatePrime       00000001800183b8     inflate.obj
 0002:000053b8       $unwind$inflateReset       00000001800183b8     inflate.obj
 0002:000053b8       $unwind$inflateResetKeep   00000001800183b8     inflate.obj
 0002:000053b8       $unwind$inflateSyncPoint   00000001800183b8     inflate.obj
 0002:000053b8       $unwind$inflateUndermine   00000001800183b8     inflate.obj
 0002:000053b8       $unwind$inflateValidate    00000001800183b8     inflate.obj
 0002:000053b8       $unwind$call_ztell64       00000001800183b8     ioapi.obj
 0002:000053b8       $unwind$fseek64_file_func  00000001800183b8     ioapi.obj
 0002:000053b8       $unwind$allocate_new_datablock 00000001800183b8     zip.obj
 0002:000053b8       $unwind$free_datablock     00000001800183b8     zip.obj
 0002:000053b8       $unwind$__scrt_initialize_default_local_stdio_options 00000001800183b8     MSVCRT:default_local_stdio_options.obj
 0002:000053b8       $unwind$?dllmain_crt_dispatch@@YAHQEAUHINSTANCE__@@KQEAX@Z 00000001800183b8     MSVCRT:dll_dllmain.obj
 0002:000053b8       $unwind$DllMain            00000001800183b8     MSVCRT:dll_dllmain_stub.obj
 0002:000053b8       $unwind$__scrt_acquire_startup_lock 00000001800183b8     MSVCRT:utility.obj
 0002:000053b8       $unwind$__scrt_dllmain_after_initialize_c 00000001800183b8     MSVCRT:utility.obj
 0002:000053b8       $unwind$__scrt_dllmain_before_initialize_c 00000001800183b8     MSVCRT:utility.obj
 0002:000053b8       $unwind$__scrt_dllmain_crt_thread_attach 00000001800183b8     MSVCRT:utility.obj
 0002:000053b8       $unwind$__scrt_dllmain_crt_thread_detach 00000001800183b8     MSVCRT:utility.obj
 0002:000053b8       $unwind$__scrt_dllmain_uninitialize_c 00000001800183b8     MSVCRT:utility.obj
 0002:000053b8       $unwind$__scrt_dllmain_uninitialize_critical 00000001800183b8     MSVCRT:utility.obj
 0002:000053b8       $unwind$__scrt_initialize_crt 00000001800183b8     MSVCRT:utility.obj
 0002:000053c0       $unwind$read_buf           00000001800183c0     deflate.obj
 0002:000053d4       $unwind$deflate_huff       00000001800183d4     deflate.obj
 0002:000053d4       $unwind$fill_window        00000001800183d4     deflate.obj
 0002:000053d4       $unwind$gzdopen            00000001800183d4     gzlib.obj
 0002:000053d4       $unwind$init_keys          00000001800183d4     unzip.obj
 0002:000053d4       $unwind$unzGetLocalExtrafield 00000001800183d4     unzip.obj
 0002:000053d4       $unwind$Write_Zip64EndOfCentralDirectoryLocator 00000001800183d4     zip.obj
 0002:000053d4       $unwind$Write_Zip64EndOfCentralDirectoryRecord 00000001800183d4     zip.obj
 0002:000053d4       $unwind$init_keys          00000001800183d4     zip.obj
 0002:000053d4       $unwind$_DllMainCRTStartup 00000001800183d4     MSVCRT:dll_dllmain.obj
 0002:000053e4       $unwind$deflateInit_       00000001800183e4     deflate.obj
 0002:000053ec       $unwind$deflateInit2_      00000001800183ec     deflate.obj
 0002:000053f8       $chain$4$deflateInit2_     00000001800183f8     deflate.obj
 0002:0000541c       $chain$5$deflateInit2_     000000018001841c     deflate.obj
 0002:00005430       $chain$6$deflateInit2_     0000000180018430     deflate.obj
 0002:00005440       $chain$8$deflateInit2_     0000000180018440     deflate.obj
 0002:00005468       $chain$9$deflateInit2_     0000000180018468     deflate.obj
 0002:0000548c       $chain$10$deflateInit2_    000000018001848c     deflate.obj
 0002:0000549c       $unwind$deflateSetDictionary 000000018001849c     deflate.obj
 0002:0000549c       $unwind$gz_load            000000018001849c     gzread.obj
 0002:0000549c       $unwind$inflateSetDictionary 000000018001849c     inflate.obj
 0002:0000549c       $unwind$send_all_trees     000000018001849c     trees.obj
 0002:000054ac       $chain$2$deflateSetDictionary 00000001800184ac     deflate.obj
 0002:000054c8       $chain$3$deflateSetDictionary 00000001800184c8     deflate.obj
 0002:000054d8       $unwind$deflateGetDictionary 00000001800184d8     deflate.obj
 0002:000054e4       $unwind$deflateResetKeep   00000001800184e4     deflate.obj
 0002:000054f0       $unwind$deflateParams      00000001800184f0     deflate.obj
 0002:000054f0       $unwind$gz_write           00000001800184f0     gzwrite.obj
 0002:000054f0       $unwind$build_tree         00000001800184f0     trees.obj
 0002:000054f0       $unwind$unz64local_SearchCentralDir64 00000001800184f0     unzip.obj
 0002:000054f0       $unwind$Write_LocalFileHeader 00000001800184f0     zip.obj
 0002:000054f0       $unwind$zip64local_SearchCentralDir64 00000001800184f0     zip.obj
 0002:000054f0       $unwind$zip64local_getLong 00000001800184f0     zip.obj
 0002:00005504       $unwind$flush_pending      0000000180018504     deflate.obj
 0002:00005514       $chain$0$flush_pending     0000000180018514     deflate.obj
 0002:00005528       $chain$1$flush_pending     0000000180018528     deflate.obj
 0002:00005538       $unwind$deflate            0000000180018538     deflate.obj
 0002:00005544       $chain$4$deflate           0000000180018544     deflate.obj
 0002:00005568       $chain$6$deflate           0000000180018568     deflate.obj
 0002:0000558c       $chain$7$deflate           000000018001858c     deflate.obj
 0002:000055a0       $chain$8$deflate           00000001800185a0     deflate.obj
 0002:000055b0       $unwind$deflateEnd         00000001800185b0     deflate.obj
 0002:000055c4       $chain$1$deflateCopy       00000001800185c4     deflate.obj
 0002:000055dc       $chain$3$deflateCopy       00000001800185dc     deflate.obj
 0002:000055f4       $chain$4$deflateCopy       00000001800185f4     deflate.obj
 0002:00005604       $unwind$longest_match      0000000180018604     deflate.obj
 0002:0000561c       $unwind$deflate_stored     000000018001861c     deflate.obj
 0002:00005630       $chain$1$deflate_stored    0000000180018630     deflate.obj
 0002:00005648       $chain$2$deflate_stored    0000000180018648     deflate.obj
 0002:0000565c       $unwind$deflate_fast       000000018001865c     deflate.obj
 0002:00005678       $unwind$deflate_slow       0000000180018678     deflate.obj
 0002:00005678       $unwind$gz_read            0000000180018678     gzread.obj
 0002:00005678       $unwind$gzgets             0000000180018678     gzread.obj
 0002:00005690       $unwind$deflate_rle        0000000180018690     deflate.obj
 0002:00005690       $unwind$gzseek64           0000000180018690     gzlib.obj
 0002:00005690       $unwind$gz_decomp          0000000180018690     gzread.obj
 0002:00005690       $unwind$gz_look            0000000180018690     gzread.obj
 0002:00005690       $unwind$gz_zero            0000000180018690     gzwrite.obj
 0002:00005690       $unwind$_tr_flush_block    0000000180018690     trees.obj
 0002:00005690       $unwind$Write_GlobalComment 0000000180018690     zip.obj
 0002:00005690       $unwind$zip64local_getShort 0000000180018690     zip.obj
 0002:000056a0       $unwind$snprintf           00000001800186a0     gzlib.obj
 0002:000056b0       $unwind$gz_open            00000001800186b0     gzlib.obj
 0002:000056c0       $chain$2$gz_open           00000001800186c0     gzlib.obj
 0002:000056dc       $chain$4$gz_open           00000001800186dc     gzlib.obj
 0002:000056f8       $chain$5$gz_open           00000001800186f8     gzlib.obj
 0002:00005708       $unwind$gz_error           0000000180018708     gzlib.obj
 0002:00005718       $unwind$gzclose_r          0000000180018718     gzread.obj
 0002:00005720       $chain$1$gzclose_r         0000000180018720     gzread.obj
 0002:00005738       $chain$2$gzclose_r         0000000180018738     gzread.obj
 0002:00005748       $unwind$gz_init            0000000180018748     gzwrite.obj
 0002:0000575c       $unwind$gz_comp            000000018001875c     gzwrite.obj
 0002:00005774       $unwind$gzputc             0000000180018774     gzwrite.obj
 0002:00005774       $unwind$unzCloseCurrentFile 0000000180018774     unzip.obj
 0002:00005780       $unwind$gzputs             0000000180018780     gzwrite.obj
 0002:00005780       $unwind$set_sweep          0000000180018780     zip.obj
 0002:0000578c       $chain$0$gzputs            000000018001878c     gzwrite.obj
 0002:000057a0       $chain$2$gzputs            00000001800187a0     gzwrite.obj
 0002:000057b4       $chain$3$gzputs            00000001800187b4     gzwrite.obj
 0002:000057c4       $unwind$gzvprintf          00000001800187c4     gzwrite.obj
 0002:000057d4       $chain$1$gzvprintf         00000001800187d4     gzwrite.obj
 0002:000057ec       $chain$3$gzvprintf         00000001800187ec     gzwrite.obj
 0002:00005804       $chain$4$gzvprintf         0000000180018804     gzwrite.obj
 0002:00005814       $unwind$gzprintf           0000000180018814     gzwrite.obj
 0002:0000581c       $unwind$gzsetparams        000000018001881c     gzwrite.obj
 0002:00005828       $chain$0$gzsetparams       0000000180018828     gzwrite.obj
 0002:0000583c       $chain$3$gzsetparams       000000018001883c     gzwrite.obj
 0002:00005854       $chain$4$gzsetparams       0000000180018854     gzwrite.obj
 0002:00005868       $chain$5$gzsetparams       0000000180018868     gzwrite.obj
 0002:00005878       $chain$7$gzsetparams       0000000180018878     gzwrite.obj
 0002:00005894       $chain$8$gzsetparams       0000000180018894     gzwrite.obj
 0002:000058a4       $chain$0$gzclose_w         00000001800188a4     gzwrite.obj
 0002:000058b8       $chain$1$gzclose_w         00000001800188b8     gzwrite.obj
 0002:000058c8       $unwind$inflateBackInit_   00000001800188c8     infback.obj
 0002:000058c8       $unwind$unz64local_getLong 00000001800188c8     unzip.obj
 0002:000058c8       $unwind$unz64local_getLong64 00000001800188c8     unzip.obj
 0002:000058c8       $unwind$unz64local_getShort 00000001800188c8     unzip.obj
 0002:000058c8       $unwind$zip64local_getByte 00000001800188c8     zip.obj
 0002:000058c8       $unwind$zip64local_putValue 00000001800188c8     zip.obj
 0002:000058d8       $chain$0$inflateBackInit_  00000001800188d8     infback.obj
 0002:000058ec       $chain$2$inflateBackInit_  00000001800188ec     infback.obj
 0002:00005900       $chain$3$inflateBackInit_  0000000180018900     infback.obj
 0002:00005910       $unwind$inflateBack        0000000180018910     infback.obj
 0002:00005920       $chain$2$inflateBack       0000000180018920     infback.obj
 0002:0000593c       $chain$3$inflateBack       000000018001893c     infback.obj
 0002:00005950       $chain$4$inflateBack       0000000180018950     infback.obj
 0002:00005960       $chain$5$inflateBack       0000000180018960     infback.obj
 0002:00005970       $unwind$inflate_fast       0000000180018970     inffast.obj
 0002:00005988       $unwind$inflateReset2      0000000180018988     inflate.obj
 0002:00005998       $chain$0$inflateReset2     0000000180018998     inflate.obj
 0002:000059ac       $chain$1$inflateReset2     00000001800189ac     inflate.obj
 0002:000059bc       $unwind$inflateInit2_      00000001800189bc     inflate.obj
 0002:000059c8       $chain$1$inflateInit2_     00000001800189c8     inflate.obj
 0002:000059e0       $chain$3$inflateInit2_     00000001800189e0     inflate.obj
 0002:000059f8       $chain$4$inflateInit2_     00000001800189f8     inflate.obj
 0002:00005a08       $unwind$updatewindow       0000000180018a08     inflate.obj
 0002:00005a20       $unwind$inflate            0000000180018a20     inflate.obj
 0002:00005a38       $unwind$inflateEnd         0000000180018a38     inflate.obj
 0002:00005a48       $unwind$inflateGetDictionary 0000000180018a48     inflate.obj
 0002:00005a58       $unwind$inflateSync        0000000180018a58     inflate.obj
 0002:00005a60       $chain$1$inflateSync       0000000180018a60     inflate.obj
 0002:00005a78       $chain$4$inflateSync       0000000180018a78     inflate.obj
 0002:00005a94       $chain$5$inflateSync       0000000180018a94     inflate.obj
 0002:00005aa8       $chain$6$inflateSync       0000000180018aa8     inflate.obj
 0002:00005ab8       $chain$7$inflateSync       0000000180018ab8     inflate.obj
 0002:00005acc       $chain$8$inflateSync       0000000180018acc     inflate.obj
 0002:00005adc       $unwind$inflateCopy        0000000180018adc     inflate.obj
 0002:00005ae8       $chain$2$inflateCopy       0000000180018ae8     inflate.obj
 0002:00005b04       $chain$4$inflateCopy       0000000180018b04     inflate.obj
 0002:00005b1c       $chain$5$inflateCopy       0000000180018b1c     inflate.obj
 0002:00005b2c       $chain$7$inflateCopy       0000000180018b2c     inflate.obj
 0002:00005b50       $chain$8$inflateCopy       0000000180018b50     inflate.obj
 0002:00005b60       $unwind$inflate_table      0000000180018b60     inftrees.obj
 0002:00005b78       $chain$0$inflate_table     0000000180018b78     inftrees.obj
 0002:00005b8c       $chain$1$inflate_table     0000000180018b8c     inftrees.obj
 0002:00005b9c       $unwind$win32_build_iowin  0000000180018b9c     iowin32.obj
 0002:00005ba4       $chain$0$win32_build_iowin 0000000180018ba4     iowin32.obj
 0002:00005bb8       $chain$2$win32_build_iowin 0000000180018bb8     iowin32.obj
 0002:00005bcc       $chain$3$win32_build_iowin 0000000180018bcc     iowin32.obj
 0002:00005bdc       $unwind$win32_open64_file_func 0000000180018bdc     iowin32.obj
 0002:00005bdc       $unwind$win32_open64_file_funcA 0000000180018bdc     iowin32.obj
 0002:00005bdc       $unwind$win32_open64_file_funcW 0000000180018bdc     iowin32.obj
 0002:00005bdc       $unwind$win32_open_file_func 0000000180018bdc     iowin32.obj
 0002:00005bdc       $unwind$unzGoToFilePos64   0000000180018bdc     unzip.obj
 0002:00005bdc       $unwind$unzGoToNextFile    0000000180018bdc     unzip.obj
 0002:00005be4       $unwind$win32_read_file_func 0000000180018be4     iowin32.obj
 0002:00005be4       $unwind$win32_write_file_func 0000000180018be4     iowin32.obj
 0002:00005be4       $unwind$unzGetFilePos      0000000180018be4     unzip.obj
 0002:00005bec       $unwind$win32_seek_file_func 0000000180018bec     iowin32.obj
 0002:00005bf8       $unwind$win32_seek64_file_func 0000000180018bf8     iowin32.obj
 0002:00005c04       $unwind$gen_codes          0000000180018c04     trees.obj
 0002:00005c0c       $unwind$pqdownheap         0000000180018c0c     trees.obj
 0002:00005c18       $chain$0$pqdownheap        0000000180018c18     trees.obj
 0002:00005c2c       $chain$2$pqdownheap        0000000180018c2c     trees.obj
 0002:00005c40       $chain$3$pqdownheap        0000000180018c40     trees.obj
 0002:00005c50       $unwind$gen_bitlen         0000000180018c50     trees.obj
 0002:00005c64       $chain$0$gen_bitlen        0000000180018c64     trees.obj
 0002:00005c78       $chain$1$gen_bitlen        0000000180018c78     trees.obj
 0002:00005c8c       $chain$2$gen_bitlen        0000000180018c8c     trees.obj
 0002:00005c9c       $chain$3$gen_bitlen        0000000180018c9c     trees.obj
 0002:00005cac       $unwind$scan_tree          0000000180018cac     trees.obj
 0002:00005cb8       $chain$4$scan_tree         0000000180018cb8     trees.obj
 0002:00005cdc       $chain$5$scan_tree         0000000180018cdc     trees.obj
 0002:00005cec       $unwind$send_tree          0000000180018cec     trees.obj
 0002:00005cf8       $chain$5$send_tree         0000000180018cf8     trees.obj
[...]
 0002:0000602c       $chain$2$unzOpenCurrentFile3 000000018001902c     unzip.obj
 0002:00006048       $chain$4$unzOpenCurrentFile3 0000000180019048     unzip.obj
 0002:00006064       $chain$5$unzOpenCurrentFile3 0000000180019064     unzip.obj
 0002:00006074       $unwind$unzReadCurrentFile 0000000180019074     unzip.obj
 0002:00006080       $chain$5$unzReadCurrentFile 0000000180019080     unzip.obj
 0002:000060a8       $chain$7$unzReadCurrentFile 00000001800190a8     unzip.obj
 0002:000060d0       $chain$8$unzReadCurrentFile 00000001800190d0     unzip.obj
 0002:000060e0       $chain$0$unzCloseCurrentFile 00000001800190e0     unzip.obj
 0002:000060f4       $chain$1$unzCloseCurrentFile 00000001800190f4     unzip.obj
 0002:00006104       $unwind$unzGetGlobalComment 0000000180019104     unzip.obj
 0002:00006118       $chain$0$set_sweep         0000000180019118     zip.obj
 0002:0000612c       $chain$1$set_sweep         000000018001912c     zip.obj
 0002:0000613c       $unwind$crypthead          000000018001913c     zip.obj
 0002:00006150       $chain$0$free_datablock    0000000180019150     zip.obj
 0002:00006164       $chain$1$free_datablock    0000000180019164     zip.obj
 0002:00006174       $unwind$add_data_in_datablock 0000000180019174     zip.obj
 0002:00006184       $unwind$zip64local_getLong64 0000000180019184     zip.obj
 0002:0000619c       $chain$0$zip64local_getLong64 000000018001919c     zip.obj
 0002:000061b0       $unwind$zip64local_SearchCentralDir 00000001800191b0     zip.obj
 0002:000061c0       $chain$1$zip64local_SearchCentralDir 00000001800191c0     zip.obj
 0002:000061d8       $chain$2$zip64local_SearchCentralDir 00000001800191d8     zip.obj
 0002:000061ec       $chain$3$zip64local_SearchCentralDir 00000001800191ec     zip.obj
 0002:000061fc       $chain$4$zip64local_SearchCentralDir 00000001800191fc     zip.obj
 0002:0000620c       $chain$0$zip64local_SearchCentralDir64 000000018001920c     zip.obj
 0002:00006220       $chain$1$zip64local_SearchCentralDir64 0000000180019220     zip.obj
 0002:00006234       $chain$2$zip64local_SearchCentralDir64 0000000180019234     zip.obj
 0002:00006244       $chain$3$zip64local_SearchCentralDir64 0000000180019244     zip.obj
 0002:00006254       $unwind$LoadCentralDirectoryRecord 0000000180019254     zip.obj
 0002:0000626c       $unwind$zipOpen3           000000018001926c     zip.obj
 0002:00006280       $unwind$zipOpen2           0000000180019280     zip.obj
 0002:00006288       $unwind$zipOpenNewFileInZip4_64 0000000180019288     zip.obj
 0002:00006298       $chain$0$zipOpenNewFileInZip4_64 0000000180019298     zip.obj
 0002:000062ac       $chain$2$zipOpenNewFileInZip4_64 00000001800192ac     zip.obj
 0002:000062c4       $chain$3$zipOpenNewFileInZip4_64 00000001800192c4     zip.obj
 0002:000062d8       $chain$4$zipOpenNewFileInZip4_64 00000001800192d8     zip.obj
 0002:000062d8       $chain$6$zipOpenNewFileInZip4_64 00000001800192d8     zip.obj
 0002:000062e8       $chain$5$zipOpenNewFileInZip4_64 00000001800192e8     zip.obj
 0002:00006300       $unwind$zipOpenNewFileInZip 0000000180019300     zip.obj
 0002:00006300       $unwind$zipOpenNewFileInZip2 0000000180019300     zip.obj
 0002:00006300       $unwind$zipOpenNewFileInZip2_64 0000000180019300     zip.obj
 0002:00006300       $unwind$zipOpenNewFileInZip3 0000000180019300     zip.obj
 0002:00006300       $unwind$zipOpenNewFileInZip3_64 0000000180019300     zip.obj
 0002:00006300       $unwind$zipOpenNewFileInZip64 0000000180019300     zip.obj
 0002:00006308       $unwind$zip64FlushWriteBuffer 0000000180019308     zip.obj
 0002:00006314       $chain$0$zip64FlushWriteBuffer 0000000180019314     zip.obj
 0002:00006328       $chain$2$zip64FlushWriteBuffer 0000000180019328     zip.obj
 0002:00006340       $chain$3$zip64FlushWriteBuffer 0000000180019340     zip.obj
 0002:00006350       $chain$4$zip64FlushWriteBuffer 0000000180019350     zip.obj
 0002:00006360       $unwind$zipWriteInFileInZip 0000000180019360     zip.obj
 0002:0000636c       $chain$2$zipWriteInFileInZip 000000018001936c     zip.obj
 0002:00006388       $chain$4$zipWriteInFileInZip 0000000180019388     zip.obj
 0002:000063a4       $chain$5$zipWriteInFileInZip 00000001800193a4     zip.obj
 0002:000063b4       $unwind$zipCloseFileInZipRaw64 00000001800193b4     zip.obj
 0002:000063c0       $chain$4$zipCloseFileInZipRaw64 00000001800193c0     zip.obj
 0002:000063e4       $chain$6$zipCloseFileInZipRaw64 00000001800193e4     zip.obj
 0002:00006408       $chain$7$zipCloseFileInZipRaw64 0000000180019408     zip.obj
 0002:00006418       $unwind$Write_EndOfCentralDirectoryRecord 0000000180019418     zip.obj
 0002:00006428       $chain$0$Write_EndOfCentralDirectoryRecord 0000000180019428     zip.obj
 0002:0000643c       $chain$1$Write_EndOfCentralDirectoryRecord 000000018001943c     zip.obj
 0002:0000644c       $unwind$zipClose           000000018001944c     zip.obj
 0002:0000645c       $chain$3$zipClose          000000018001945c     zip.obj
 0002:00006478       $chain$4$zipClose          0000000180019478     zip.obj
 0002:0000648c       $chain$5$zipClose          000000018001948c     zip.obj
 0002:000064a0       $chain$6$zipClose          00000001800194a0     zip.obj
 0002:000064b0       $chain$7$zipClose          00000001800194b0     zip.obj
 0002:000064c0       $chain$8$zipClose          00000001800194c0     zip.obj
 0002:000064d4       $unwind$?dllmain_crt_process_attach@@YAHQEAUHINSTANCE__@@QEAX@Z 00000001800194d4     MSVCRT:dll_dllmain.obj
 0002:00006510       $unwind$?fin$0@?0??dllmain_crt_process_attach@@YAHQEAUHINSTANCE__@@QEAX@Z@4HA 0000000180019510     MSVCRT:dll_dllmain.obj
 0002:00006510       $unwind$?fin$0@?0??dllmain_crt_process_detach@@YAH_N@Z@4HA 0000000180019510     MSVCRT:dll_dllmain.obj
 0002:00006510       $unwind$?fin$1@?0??dllmain_crt_process_detach@@YAH_N@Z@4HA 0000000180019510     MSVCRT:dll_dllmain.obj
 0002:00006518       $unwind$?dllmain_crt_process_detach@@YAH_N@Z 0000000180019518     MSVCRT:dll_dllmain.obj
 0002:0000656c       $unwind$?dllmain_dispatch@@YAHQEAUHINSTANCE__@@KQEAX@Z 000000018001956c     MSVCRT:dll_dllmain.obj
 0002:00006594       $unwind$?filt$0@?0??dllmain_dispatch@@YAHQEAUHINSTANCE__@@KQEAX@Z@4HA 0000000180019594     MSVCRT:dll_dllmain.obj
 0002:0000659c       $unwind$__security_init_cookie 000000018001959c     MSVCRT:gs_support.obj
 0002:000065a8       $unwind$__scrt_is_nonwritable_in_current_image 00000001800195a8     MSVCRT:utility.obj
 0002:000065c8       $unwind$__scrt_is_nonwritable_in_current_image$filt$0 00000001800195c8     MSVCRT:utility.obj
 0002:000065d0       $unwind$__scrt_dllmain_exception_filter 00000001800195d0     MSVCRT:utility.obj
 0002:000065e4       $unwind$__isa_available_init 00000001800195e4     MSVCRT:cpu_disp.obj
 0002:000065f8       $xdatasym                  00000001800195f8     MSVCRT:guard_dispatch.obj
 0002:00006600       $xdatasym                  0000000180019600     MSVCRT:guard_xfg_dispatch.obj
 0002:00006608       $xdatasym                  0000000180019608     MSVCRT:chkstk.obj
 0002:00006610       .edata                     0000000180019610     zlibwapi.exp
 0002:00006638       rgpv                       0000000180019638     zlibwapi.exp
 0002:00006904       rgszName                   0000000180019904     zlibwapi.exp
 0002:00006b18       rgwOrd                     0000000180019b18     zlibwapi.exp
 0002:00006c22       szName                     0000000180019c22     zlibwapi.exp
 0002:00006c2f       $N00001                    0000000180019c2f     zlibwapi.exp
 0002:00006c37       $N00140                    0000000180019c37     zlibwapi.exp
 0002:00006c47       $N00174                    0000000180019c47     zlibwapi.exp
 0002:00006c51       $N00002                    0000000180019c51     zlibwapi.exp
 0002:00006c5a       $N00039                    0000000180019c5a     zlibwapi.exp
 0002:00006c64       $N00046                    0000000180019c64     zlibwapi.exp
 0002:00006c72       $N00003                    0000000180019c72     zlibwapi.exp
 0002:00006c78       $N00142                    0000000180019c78     zlibwapi.exp
 0002:00006c86       $N00176                    0000000180019c86     zlibwapi.exp
 0002:00006c98       $N00177                    0000000180019c98     zlibwapi.exp
 0002:00006cac       $N00178                    0000000180019cac     zlibwapi.exp
 0002:00006cbd       $N00175                    0000000180019cbd     zlibwapi.exp
 0002:00006cc5       $N00004                    0000000180019cc5     zlibwapi.exp
 0002:00006ccd       $N00047                    0000000180019ccd     zlibwapi.exp
 0002:00006cda       $N00005                    0000000180019cda     zlibwapi.exp
 0002:00006ce6       $N00006                    0000000180019ce6     zlibwapi.exp
 0002:00006cf1       $N00173                    0000000180019cf1     zlibwapi.exp
 0002:00006d06       $N00007                    0000000180019d06     zlibwapi.exp
 0002:00006d14       $N00008                    0000000180019d14     zlibwapi.exp
 0002:00006d21       $N00009                    0000000180019d21     zlibwapi.exp
 0002:00006d2f       $N00052                    0000000180019d2f     zlibwapi.exp
 0002:00006d3e       $N00051                    0000000180019d3e     zlibwapi.exp
 0002:00006d4b       $N00010                    0000000180019d4b     zlibwapi.exp
 0002:00006d58       $N00164                    0000000180019d58     zlibwapi.exp
 0002:00006d69       $N00011                    0000000180019d69     zlibwapi.exp
 0002:00006d7e       $N00144                    0000000180019d7e     zlibwapi.exp
 0002:00006d8f       $N00145                    0000000180019d8f     zlibwapi.exp
 0002:00006d9b       $N00179                    0000000180019d9b     zlibwapi.exp
 0002:00006da7       $N00110                    0000000180019da7     zlibwapi.exp
 0002:00006dbb       $N00111                    0000000180019dbb     zlibwapi.exp
 0002:00006dd1       $N00112                    0000000180019dd1     zlibwapi.exp
 0002:00006de8       $N00113                    0000000180019de8     zlibwapi.exp
 0002:00006dff       $N00038                    0000000180019dff     zlibwapi.exp
 0002:00006e0d       $N00146                    0000000180019e0d     zlibwapi.exp
 0002:00006e16       $N00048                    0000000180019e16     zlibwapi.exp
 0002:00006e21       $N00012                    0000000180019e21     zlibwapi.exp
 0002:00006e29       $N00147                    0000000180019e29     zlibwapi.exp
 0002:00006e33       $N00148                    0000000180019e33     zlibwapi.exp
 0002:00006e3d       $N00149                    0000000180019e3d     zlibwapi.exp
 0002:00006e46       $N00013                    0000000180019e46     zlibwapi.exp
 0002:00006e4e       $N00034                    0000000180019e4e     zlibwapi.exp
 0002:00006e54       $N00014                    0000000180019e54     zlibwapi.exp
 0002:00006e5c       $N00015                    0000000180019e5c     zlibwapi.exp
 0002:00006e64       $N00171                    0000000180019e64     zlibwapi.exp
 0002:00006e6c       $N00172                    0000000180019e6c     zlibwapi.exp
 0002:00006e75       $N00030                    0000000180019e75     zlibwapi.exp
 0002:00006e7c       $N00161                    0000000180019e7c     zlibwapi.exp
 0002:00006e84       $N00041                    0000000180019e84     zlibwapi.exp
 0002:00006e8b       $N00150                    0000000180019e8b     zlibwapi.exp
 0002:00006e94       $N00016                    0000000180019e94     zlibwapi.exp
 0002:00006e9b       $N00165                    0000000180019e9b     zlibwapi.exp
 0002:00006ea4       $N00028                    0000000180019ea4     zlibwapi.exp
 0002:00006ead       $N00029                    0000000180019ead     zlibwapi.exp
 0002:00006eb4       $N00040                    0000000180019eb4     zlibwapi.exp
 0002:00006ebb       $N00017                    0000000180019ebb     zlibwapi.exp
 0002:00006ec2       $N00032                    0000000180019ec2     zlibwapi.exp
 0002:00006ecb       $N00031                    0000000180019ecb     zlibwapi.exp
 0002:00006ed2       $N00035                    0000000180019ed2     zlibwapi.exp
 0002:00006ede       $N00033                    0000000180019ede     zlibwapi.exp
 0002:00006ee5       $N00049                    0000000180019ee5     zlibwapi.exp
 0002:00006eee       $N00167                    0000000180019eee     zlibwapi.exp
 0002:00006ef8       $N00018                    0000000180019ef8     zlibwapi.exp
 0002:00006f00       $N00019                    0000000180019f00     zlibwapi.exp
 0002:00006f08       $N00044                    0000000180019f08     zlibwapi.exp
 0002:00006f14       $N00045                    0000000180019f14     zlibwapi.exp
 0002:00006f23       $N00043                    0000000180019f23     zlibwapi.exp
 0002:00006f34       $N00168                    0000000180019f34     zlibwapi.exp
 0002:00006f45       $N00042                    0000000180019f45     zlibwapi.exp
 0002:00006f51       $N00020                    0000000180019f51     zlibwapi.exp
 0002:00006f5c       $N00166                    0000000180019f5c     zlibwapi.exp
 0002:00006f71       $N00156                    0000000180019f71     zlibwapi.exp
 0002:00006f82       $N00021                    0000000180019f82     zlibwapi.exp
 0002:00006f90       $N00022                    0000000180019f90     zlibwapi.exp
 0002:00006f9d       $N00157                    0000000180019f9d     zlibwapi.exp
 0002:00006fa9       $N00158                    0000000180019fa9     zlibwapi.exp
 0002:00006fb6       $N00023                    0000000180019fb6     zlibwapi.exp
 0002:00006fc3       $N00159                    0000000180019fc3     zlibwapi.exp
 0002:00006fd1       $N00163                    0000000180019fd1     zlibwapi.exp
 0002:00006fe2       $N00024                    0000000180019fe2     zlibwapi.exp
 0002:00006ff7       $N00025                    0000000180019ff7     zlibwapi.exp
 0002:00007003       $N00037                    000000018001a003     zlibwapi.exp
 0002:00007014       $N00160                    000000018001a014     zlibwapi.exp
 0002:00007025       $N00169                    000000018001a025     zlibwapi.exp
 0002:00007035       $N00026                    000000018001a035     zlibwapi.exp
 0002:00007040       $N00170                    000000018001a040     zlibwapi.exp
 0002:0000704c       $N00062                    000000018001a04c     zlibwapi.exp
 0002:00007055       $N00072                    000000018001a055     zlibwapi.exp
 0002:00007069       $N00064                    000000018001a069     zlibwapi.exp
 0002:0000707f       $N00124                    000000018001a07f     zlibwapi.exp
 0002:00007097       $N00125                    000000018001a097     zlibwapi.exp
 0002:000070b5       $N00100                    000000018001a0b5     zlibwapi.exp
 0002:000070c3       $N00127                    000000018001a0c3     zlibwapi.exp
 0002:000070d3       $N00073                    000000018001a0d3     zlibwapi.exp
 0002:000070e7       $N00063                    000000018001a0e7     zlibwapi.exp
 0002:000070f8       $N00122                    000000018001a0f8     zlibwapi.exp
 0002:0000710b       $N00076                    000000018001a10b     zlibwapi.exp
 0002:00007121       $N00101                    000000018001a121     zlibwapi.exp
 0002:00007130       $N00128                    000000018001a130     zlibwapi.exp
 0002:00007141       $N00065                    000000018001a141     zlibwapi.exp
 0002:00007152       $N00066                    000000018001a152     zlibwapi.exp
 0002:00007162       $N00075                    000000018001a162     zlibwapi.exp
 0002:00007170       $N00061                    000000018001a170     zlibwapi.exp
 0002:00007178       $N00077                    000000018001a178     zlibwapi.exp
 0002:00007181       $N00121                    000000018001a181     zlibwapi.exp
 0002:0000718d       $N00120                    000000018001a18d     zlibwapi.exp
 0002:00007197       $N00067                    000000018001a197     zlibwapi.exp
 0002:000071aa       $N00078                    000000018001a1aa     zlibwapi.exp
 0002:000071be       $N00069                    000000018001a1be     zlibwapi.exp
 0002:000071d2       $N00079                    000000018001a1d2     zlibwapi.exp
 0002:000071ed       $N00068                    000000018001a1ed     zlibwapi.exp
 0002:00007200       $N00074                    000000018001a200     zlibwapi.exp
 0002:00007219       $N00071                    000000018001a219     zlibwapi.exp
 0002:00007220       $N00070                    000000018001a220     zlibwapi.exp
 0002:00007228       $N00126                    000000018001a228     zlibwapi.exp
 0002:00007232       $N00036                    000000018001a232     zlibwapi.exp
 0002:00007239       $N00084                    000000018001a239     zlibwapi.exp
 0002:00007242       $N00083                    000000018001a242     zlibwapi.exp
 0002:00007254       $N00087                    000000018001a254     zlibwapi.exp
 0002:00007269       $N00136                    000000018001a269     zlibwapi.exp
 0002:00007280       $N00080                    000000018001a280     zlibwapi.exp
 0002:00007288       $N00088                    000000018001a288     zlibwapi.exp
 0002:00007291       $N00131                    000000018001a291     zlibwapi.exp
 0002:0000729d       $N00130                    000000018001a29d     zlibwapi.exp
 0002:000072a7       $N00081                    000000018001a2a7     zlibwapi.exp
 0002:000072bb       $N00086                    000000018001a2bb     zlibwapi.exp
 0002:000072d0       $N00133                    000000018001a2d0     zlibwapi.exp
 0002:000072e8       $N00089                    000000018001a2e8     zlibwapi.exp
 0002:000072fd       $N00134                    000000018001a2fd     zlibwapi.exp
 0002:00007315       $N00135                    000000018001a315     zlibwapi.exp
 0002:0000732d       $N00132                    000000018001a32d     zlibwapi.exp
 0002:00007343       $N00082                    000000018001a343     zlibwapi.exp
 0002:00007357       $N00050                    000000018001a357     zlibwapi.exp
 0002:00007368       $N00027                    000000018001a368     zlibwapi.exp
 0002:00007684       .idata$6                   000000018001a684     kernel32:KERNEL32.dll
 0002:000076d4       .idata$6                   000000018001a6d4     vcruntime:VCRUNTIME140.dll
 0002:00007874       .idata$6                   000000018001a874     ucrt:api-ms-win-crt-stdio-l1-1-0.dll
 0002:00007894       .idata$6                   000000018001a894     ucrt:api-ms-win-crt-convert-l1-1-0.dll
 0002:000078b6       .idata$6                   000000018001a8b6     ucrt:api-ms-win-crt-heap-l1-1-0.dll
 0002:000078d6       .idata$6                   000000018001a8d6     ucrt:api-ms-win-crt-runtime-l1-1-0.dll
 0002:000078f8       .idata$6                   000000018001a8f8     ucrt:api-ms-win-crt-time-l1-1-0.dll
 0002:00007918       .idata$6                   000000018001a918     ucrt:api-ms-win-crt-utility-l1-1-0.dll
 0002:000079fe       .idata$6                   000000018001a9fe     ucrt:api-ms-win-crt-string-l1-1-0.dll
 0003:000000c0       ?__proc_attached@@3HA      000000018001b0c0     MSVCRT:dll_dllmain.obj
 0003:000000f8       ?is_initialized_as_dll@@3_NA 000000018001b0f8     MSVCRT:utility.obj
 0003:000000f9       ?module_local_atexit_table_initialized@@3_NA 000000018001b0f9     MSVCRT:utility.obj
 0003:00000100       ?module_local_atexit_table@@3U_onexit_table_t@@A 000000018001b100     MSVCRT:utility.obj
 0003:00000118       ?module_local_at_quick_exit_table@@3U_onexit_table_t@@A 000000018001b118     MSVCRT:utility.obj
 0003:0000013c       ?calls@?1??crypthead@@9@9  000000018001b13c     zip.obj
 0005:00000060       $R000000                   000000018001e060     zlib.res
